--------- beginning of main
04-09 20:37:51.887   341   341 W BufferQueueLayer: [SurfaceView - com.papergallery.zeldasdaughter/com.unity3d.player.UnityPlayerActivity#0] Timestamp 173225406439406304 seems implausible relative to expectedPresent 536925415012
04-09 20:37:51.904   341   341 W BufferQueueLayer: [SurfaceView - com.papergallery.zeldasdaughter/com.unity3d.player.UnityPlayerActivity#0] Timestamp 244467862929193696 seems implausible relative to expectedPresent 536942081678
04-09 20:37:51.920   341   341 W BufferQueueLayer: [SurfaceView - com.papergallery.zeldasdaughter/com.unity3d.player.UnityPlayerActivity#0] Timestamp 315206919187118816 seems implausible relative to expectedPresent 536958748344
04-09 20:37:51.938   341   341 W BufferQueueLayer: [SurfaceView - com.papergallery.zeldasdaughter/com.unity3d.player.UnityPlayerActivity#0] Timestamp 386215854010055392 seems implausible relative to expectedPresent 536975415010
04-09 20:37:51.954   341   341 W BufferQueueLayer: [SurfaceView - com.papergallery.zeldasdaughter/com.unity3d.player.UnityPlayerActivity#0] Timestamp 457268129347975904 seems implausible relative to expectedPresent 536992081676
04-09 20:37:51.970   341   341 W BufferQueueLayer: [SurfaceView - com.papergallery.zeldasdaughter/com.unity3d.player.UnityPlayerActivity#0] Timestamp 534787659066030816 seems implausible relative to expectedPresent 537008748342
04-09 20:37:51.987   341   341 W BufferQueueLayer: [SurfaceView - com.papergallery.zeldasdaughter/com.unity3d.player.UnityPlayerActivity#0] Timestamp 601057539859462880 seems implausible relative to expectedPresent 537025415008
04-09 20:37:52.003   341   341 W BufferQueueLayer: [SurfaceView - com.papergallery.zeldasdaughter/com.unity3d.player.UnityPlayerActivity#0] Timestamp 671576122561182432 seems implausible relative to expectedPresent 537042081674
04-09 20:37:52.020   341   341 W BufferQueueLayer: [SurfaceView - com.papergallery.zeldasdaughter/com.unity3d.player.UnityPlayerActivity#0] Timestamp 742934981254626016 seems implausible relative to expectedPresent 537058748340
04-09 20:37:52.037   341   341 W BufferQueueLayer: [SurfaceView - com.papergallery.zeldasdaughter/com.unity3d.player.UnityPlayerActivity#0] Timestamp 814769456036494048 seems implausible relative to expectedPresent 537075415006
04-09 20:37:52.054   341   341 W BufferQueueLayer: [SurfaceView - com.papergallery.zeldasdaughter/com.unity3d.player.UnityPlayerActivity#0] Timestamp 886546670314371808 seems implausible relative to expectedPresent 537092081672
04-09 20:37:52.070   341   341 W BufferQueueLayer: [SurfaceView - com.papergallery.zeldasdaughter/com.unity3d.player.UnityPlayerActivity#0] Timestamp 958642347827313376 seems implausible relative to expectedPresent 537108748338
04-09 20:37:52.087   341   341 W BufferQueueLayer: [SurfaceView - com.papergallery.zeldasdaughter/com.unity3d.player.UnityPlayerActivity#0] Timestamp 1030727000159206112 seems implausible relative to expectedPresent 537125415004
04-09 20:37:52.104   341   341 W BufferQueueLayer: [SurfaceView - com.papergallery.zeldasdaughter/com.unity3d.player.UnityPlayerActivity#0] Timestamp 1102757140766178016 seems implausible relative to expectedPresent 537142081670
04-09 20:37:52.120   341   341 W BufferQueueLayer: [SurfaceView - com.papergallery.zeldasdaughter/com.unity3d.player.UnityPlayerActivity#0] Timestamp 1175015670554082016 seems implausible relative to expectedPresent 537158748336
04-09 20:37:52.137   341   341 W BufferQueueLayer: [SurfaceView - com.papergallery.zeldasdaughter/com.unity3d.player.UnityPlayerActivity#0] Timestamp 1247656804618648288 seems implausible relative to expectedPresent 537175415002
04-09 20:37:52.154   341   341 W BufferQueueLayer: [SurfaceView - com.papergallery.zeldasdaughter/com.unity3d.player.UnityPlayerActivity#0] Timestamp 1321727759065856736 seems implausible relative to expectedPresent 537192081668
04-09 20:37:52.170   341   341 W BufferQueueLayer: [SurfaceView - com.papergallery.zeldasdaughter/com.unity3d.player.UnityPlayerActivity#0] Timestamp 1390631562913299168 seems implausible relative to expectedPresent 537208748334
04-09 20:37:52.187   341   341 W BufferQueueLayer: [SurfaceView - com.papergallery.zeldasdaughter/com.unity3d.player.UnityPlayerActivity#0] Timestamp 1463355568371841760 seems implausible relative to expectedPresent 537225415000
04-09 20:37:52.204   341   341 W BufferQueueLayer: [SurfaceView - com.papergallery.zeldasdaughter/com.unity3d.player.UnityPlayerActivity#0] Timestamp 1536625434108934880 seems implausible relative to expectedPresent 537242081666
04-09 20:37:52.221   341   341 W BufferQueueLayer: [SurfaceView - com.papergallery.zeldasdaughter/com.unity3d.player.UnityPlayerActivity#0] Timestamp 1606359184551754464 seems implausible relative to expectedPresent 537258748332
04-09 20:37:52.237   341   341 W BufferQueueLayer: [SurfaceView - com.papergallery.zeldasdaughter/com.unity3d.player.UnityPlayerActivity#0] Timestamp 1677732624659167968 seems implausible relative to expectedPresent 537275414998
04-09 20:37:52.254   341   341 W BufferQueueLayer: [SurfaceView - com.papergallery.zeldasdaughter/com.unity3d.player.UnityPlayerActivity#0] Timestamp 1749765075958545120 seems implausible relative to expectedPresent 537292081664
04-09 20:37:52.270   341   341 W BufferQueueLayer: [SurfaceView - com.papergallery.zeldasdaughter/com.unity3d.player.UnityPlayerActivity#0] Timestamp 1821765787449604832 seems implausible relative to expectedPresent 537308748330
04-09 20:37:52.287   341   341 W BufferQueueLayer: [SurfaceView - com.papergallery.zeldasdaughter/com.unity3d.player.UnityPlayerActivity#0] Timestamp 1892682908756654816 seems implausible relative to expectedPresent 537325414996
04-09 20:37:52.304   341   341 W BufferQueueLayer: [SurfaceView - com.papergallery.zeldasdaughter/com.unity3d.player.UnityPlayerActivity#0] Timestamp 1964261235983956704 seems implausible relative to expectedPresent 537342081662
04-09 20:37:52.320   341   341 W BufferQueueLayer: [SurfaceView - com.papergallery.zeldasdaughter/com.unity3d.player.UnityPlayerActivity#0] Timestamp 2036466396508240608 seems implausible relative to expectedPresent 537358748328
04-09 20:37:52.337   341   341 W BufferQueueLayer: [SurfaceView - com.papergallery.zeldasdaughter/com.unity3d.player.UnityPlayerActivity#0] Timestamp 2108489248555711200 seems implausible relative to expectedPresent 537375414994
04-09 20:37:52.354   341   341 W BufferQueueLayer: [SurfaceView - com.papergallery.zeldasdaughter/com.unity3d.player.UnityPlayerActivity#0] Timestamp 2178029549376551648 seems implausible relative to expectedPresent 537392081660
04-09 20:37:52.370   341   341 W BufferQueueLayer: [SurfaceView - com.papergallery.zeldasdaughter/com.unity3d.player.UnityPlayerActivity#0] Timestamp 2249254314896046816 seems implausible relative to expectedPresent 537408748326
04-09 20:37:52.387   341   341 W BufferQueueLayer: [SurfaceView - com.papergallery.zeldasdaughter/com.unity3d.player.UnityPlayerActivity#0] Timestamp 2321758783101254368 seems implausible relative to expectedPresent 537425414992
04-09 20:37:52.404   341   341 W BufferQueueLayer: [SurfaceView - com.papergallery.zeldasdaughter/com.unity3d.player.UnityPlayerActivity#0] Timestamp 2391413695124388576 seems implausible relative to expectedPresent 537442081658
04-09 20:37:52.420   341   341 W BufferQueueLayer: [SurfaceView - com.papergallery.zeldasdaughter/com.unity3d.player.UnityPlayerActivity#0] Timestamp 2463334404259625696 seems implausible relative to expectedPresent 537458748324
04-09 20:37:52.437   341   341 W BufferQueueLayer: [SurfaceView - com.papergallery.zeldasdaughter/com.unity3d.player.UnityPlayerActivity#0] Timestamp 2534312823339924192 seems implausible relative to expectedPresent 537475414990
04-09 20:37:52.454   341   341 W BufferQueueLayer: [SurfaceView - com.papergallery.zeldasdaughter/com.unity3d.player.UnityPlayerActivity#0] Timestamp 2606107007033588448 seems implausible relative to expectedPresent 537492081656
04-09 20:37:52.470   341   341 W BufferQueueLayer: [SurfaceView - com.papergallery.zeldasdaughter/com.unity3d.player.UnityPlayerActivity#0] Timestamp 2677926921876323040 seems implausible relative to expectedPresent 537508748322
04-09 20:37:52.487   341   341 W BufferQueueLayer: [SurfaceView - com.papergallery.zeldasdaughter/com.unity3d.player.UnityPlayerActivity#0] Timestamp 2752254363180514016 seems implausible relative to expectedPresent 537525414988
04-09 20:37:52.504   341   341 W BufferQueueLayer: [SurfaceView - com.papergallery.zeldasdaughter/com.unity3d.player.UnityPlayerActivity#0] Timestamp 2821176970394778336 seems implausible relative to expectedPresent 537542081654
04-09 20:37:52.520   341   341 W BufferQueueLayer: [SurfaceView - com.papergallery.zeldasdaughter/com.unity3d.player.UnityPlayerActivity#0] Timestamp 2890705597494508256 seems implausible relative to expectedPresent 537558748320
04-09 20:37:52.537   341   341 W BufferQueueLayer: [SurfaceView - com.papergallery.zeldasdaughter/com.unity3d.player.UnityPlayerActivity#0] Timestamp 2963163267736058592 seems implausible relative to expectedPresent 537575414986
04-09 20:37:52.554   341   341 W BufferQueueLayer: [SurfaceView - com.papergallery.zeldasdaughter/com.unity3d.player.UnityPlayerActivity#0] Timestamp 3035254040396348128 seems implausible relative to expectedPresent 537592081652
04-09 20:37:52.570   341   341 W BufferQueueLayer: [SurfaceView - com.papergallery.zeldasdaughter/com.unity3d.player.UnityPlayerActivity#0] Timestamp 3106825353942055648 seems implausible relative to expectedPresent 537608748318
04-09 20:37:52.587   341   341 W BufferQueueLayer: [SurfaceView - com.papergallery.zeldasdaughter/com.unity3d.player.UnityPlayerActivity#0] Timestamp 3178284852309179104 seems implausible relative to expectedPresent 537625414984
04-09 20:37:52.604   341   341 W BufferQueueLayer: [SurfaceView - com.papergallery.zeldasdaughter/com.unity3d.player.UnityPlayerActivity#0] Timestamp 3249938015046646496 seems implausible relative to expectedPresent 537642081650
04-09 20:37:52.620   341   341 W BufferQueueLayer: [SurfaceView - com.papergallery.zeldasdaughter/com.unity3d.player.UnityPlayerActivity#0] Timestamp 3321814035047168736 seems implausible relative to expectedPresent 537658748316
04-09 20:37:52.637   341   341 W BufferQueueLayer: [SurfaceView - com.papergallery.zeldasdaughter/com.unity3d.player.UnityPlayerActivity#0] Timestamp 3394011855472343776 seems implausible relative to expectedPresent 537675414982
04-09 20:37:52.654   341   341 W BufferQueueLayer: [SurfaceView - com.papergallery.zeldasdaughter/com.unity3d.player.UnityPlayerActivity#0] Timestamp 3467090135603264224 seems implausible relative to expectedPresent 537692081648
04-09 20:37:52.670   341   341 W BufferQueueLayer: [SurfaceView - com.papergallery.zeldasdaughter/com.unity3d.player.UnityPlayerActivity#0] Timestamp 3537130185933765344 seems implausible relative to expectedPresent 537708748314
04-09 20:37:52.687   341   341 W BufferQueueLayer: [SurfaceView - com.papergallery.zeldasdaughter/com.unity3d.player.UnityPlayerActivity#0] Timestamp 3608579483753560800 seems implausible relative to expectedPresent 537725414980
04-09 20:37:52.704   341   341 W BufferQueueLayer: [SurfaceView - com.papergallery.zeldasdaughter/com.unity3d.player.UnityPlayerActivity#0] Timestamp 3679966272619330272 seems implausible relative to expectedPresent 537742081646
04-09 20:37:52.720   341   341 W BufferQueueLayer: [SurfaceView - com.papergallery.zeldasdaughter/com.unity3d.player.UnityPlayerActivity#0] Timestamp 3752611340873939680 seems implausible relative to expectedPresent 537758748312
04-09 20:37:52.738   341   341 W BufferQueueLayer: [SurfaceView - com.papergallery.zeldasdaughter/com.unity3d.player.UnityPlayerActivity#0] Timestamp 3823977372162767584 seems implausible relative to expectedPresent 537775414978
04-09 20:37:52.754   341   341 W BufferQueueLayer: [SurfaceView - com.papergallery.zeldasdaughter/com.unity3d.player.UnityPlayerActivity#0] Timestamp 3897931426190113504 seems implausible relative to expectedPresent 537792081644
04-09 20:37:52.770   341   341 W BufferQueueLayer: [SurfaceView - com.papergallery.zeldasdaughter/com.unity3d.player.UnityPlayerActivity#0] Timestamp 3968947078341901024 seems implausible relative to expectedPresent 537808748310
04-09 20:37:52.787   341   341 W BufferQueueLayer: [SurfaceView - com.papergallery.zeldasdaughter/com.unity3d.player.UnityPlayerActivity#0] Timestamp 4037933594669529824 seems implausible relative to expectedPresent 537825414976
04-09 20:37:52.804   341   341 W BufferQueueLayer: [SurfaceView - com.papergallery.zeldasdaughter/com.unity3d.player.UnityPlayerActivity#0] Timestamp 4110300920274008800 seems implausible relative to expectedPresent 537842081642
04-09 20:37:52.820   341   341 W BufferQueueLayer: [SurfaceView - com.papergallery.zeldasdaughter/com.unity3d.player.UnityPlayerActivity#0] Timestamp 4182320357822479072 seems implausible relative to expectedPresent 537858748308
04-09 20:37:52.837   341   341 W BufferQueueLayer: [SurfaceView - com.papergallery.zeldasdaughter/com.unity3d.player.UnityPlayerActivity#0] Timestamp 4254320674176547552 seems implausible relative to expectedPresent 537875414974
04-09 20:37:52.854   341   341 W BufferQueueLayer: [SurfaceView - com.papergallery.zeldasdaughter/com.unity3d.player.UnityPlayerActivity#0] Timestamp 4326467749563120352 seems implausible relative to expectedPresent 537892081640
04-09 20:37:52.871   341   341 W BufferQueueLayer: [SurfaceView - com.papergallery.zeldasdaughter/com.unity3d.player.UnityPlayerActivity#0] Timestamp 4397526218243881696 seems implausible relative to expectedPresent 537908748306
04-09 20:37:52.887   341   341 W BufferQueueLayer: [SurfaceView - com.papergallery.zeldasdaughter/com.unity3d.player.UnityPlayerActivity#0] Timestamp 4469257338932738784 seems implausible relative to expectedPresent 537925414972
04-09 20:37:52.904   341   341 W BufferQueueLayer: [SurfaceView - com.papergallery.zeldasdaughter/com.unity3d.player.UnityPlayerActivity#0] Timestamp 4541836264690989792 seems implausible relative to expectedPresent 537942081638
04-09 20:37:52.920   341   341 W BufferQueueLayer: [SurfaceView - com.papergallery.zeldasdaughter/com.unity3d.player.UnityPlayerActivity#0] Timestamp 4612129864120842976 seems implausible relative to expectedPresent 537958748304
04-09 20:37:52.937   341   341 W BufferQueueLayer: [SurfaceView - com.papergallery.zeldasdaughter/com.unity3d.player.UnityPlayerActivity#0] Timestamp 4684214967424301792 seems implausible relative to expectedPresent 537975414970
04-09 20:37:52.954   341   341 W BufferQueueLayer: [SurfaceView - com.papergallery.zeldasdaughter/com.unity3d.player.UnityPlayerActivity#0] Timestamp 4755541966050343648 seems implausible relative to expectedPresent 537992081636
04-09 20:37:52.970   341   341 W BufferQueueLayer: [SurfaceView - com.papergallery.zeldasdaughter/com.unity3d.player.UnityPlayerActivity#0] Timestamp 4825333071486434016 seems implausible relative to expectedPresent 538008748302
04-09 20:37:52.987   341   341 W BufferQueueLayer: [SurfaceView - com.papergallery.zeldasdaughter/com.unity3d.player.UnityPlayerActivity#0] Timestamp 4896890087086013152 seems implausible relative to expectedPresent 538025414968
04-09 20:37:53.004   341   341 W BufferQueueLayer: [SurfaceView - com.papergallery.zeldasdaughter/com.unity3d.player.UnityPlayerActivity#0] Timestamp 4969537917004593888 seems implausible relative to expectedPresent 538042081634
04-09 20:37:53.020   341   341 W BufferQueueLayer: [SurfaceView - com.papergallery.zeldasdaughter/com.unity3d.player.UnityPlayerActivity#0] Timestamp 5040264814210104032 seems implausible relative to expectedPresent 538058748300
04-09 20:37:53.039   341   341 W BufferQueueLayer: [SurfaceView - com.papergallery.zeldasdaughter/com.unity3d.player.UnityPlayerActivity#0] Timestamp 5112047118024227552 seems implausible relative to expectedPresent 538075414966
04-09 20:37:53.054   341   341 W BufferQueueLayer: [SurfaceView - com.papergallery.zeldasdaughter/com.unity3d.player.UnityPlayerActivity#0] Timestamp 5186069659600075488 seems implausible relative to expectedPresent 538092081632
04-09 20:37:53.070   341   341 W BufferQueueLayer: [SurfaceView - com.papergallery.zeldasdaughter/com.unity3d.player.UnityPlayerActivity#0] Timestamp 5258877717568600800 seems implausible relative to expectedPresent 538108748298
04-09 20:37:53.087   341   341 W BufferQueueLayer: [SurfaceView - com.papergallery.zeldasdaughter/com.unity3d.player.UnityPlayerActivity#0] Timestamp 5326557588880669408 seems implausible relative to expectedPresent 538125414964
04-09 20:37:53.103   341   341 W BufferQueueLayer: [SurfaceView - com.papergallery.zeldasdaughter/com.unity3d.player.UnityPlayerActivity#0] Timestamp 5398848786189826784 seems implausible relative to expectedPresent 538142081630
04-09 20:37:53.120   341   341 W BufferQueueLayer: [SurfaceView - com.papergallery.zeldasdaughter/com.unity3d.player.UnityPlayerActivity#0] Timestamp 5470487663866067680 seems implausible relative to expectedPresent 538158748296
04-09 20:37:53.137   341   341 W BufferQueueLayer: [SurfaceView - com.papergallery.zeldasdaughter/com.unity3d.player.UnityPlayerActivity#0] Timestamp 5542949513110797024 seems implausible relative to expectedPresent 538175414962
04-09 20:37:53.158   341   341 W BufferQueueLayer: [SurfaceView - com.papergallery.zeldasdaughter/com.unity3d.player.UnityPlayerActivity#0] Timestamp 5614707563244600032 seems implausible relative to expectedPresent 538192081628
04-09 20:37:53.170   341   341 W BufferQueueLayer: [SurfaceView - com.papergallery.zeldasdaughter/com.unity3d.player.UnityPlayerActivity#0] Timestamp 5686102856145615584 seems implausible relative to expectedPresent 538208748294
04-09 20:37:53.187   341   341 W BufferQueueLayer: [SurfaceView - com.papergallery.zeldasdaughter/com.unity3d.player.UnityPlayerActivity#0] Timestamp 5758751304539486944 seems implausible relative to expectedPresent 538225414960
04-09 20:37:53.204   341   341 W BufferQueueLayer: [SurfaceView - com.papergallery.zeldasdaughter/com.unity3d.player.UnityPlayerActivity#0] Timestamp 5831615046759004896 seems implausible relative to expectedPresent 538242081626
04-09 20:37:53.220   341   341 W BufferQueueLayer: [SurfaceView - com.papergallery.zeldasdaughter/com.unity3d.player.UnityPlayerActivity#0] Timestamp 5902836294700284640 seems implausible relative to expectedPresent 538258748292
04-09 20:37:53.237   341   341 W BufferQueueLayer: [SurfaceView - com.papergallery.zeldasdaughter/com.unity3d.player.UnityPlayerActivity#0] Timestamp 5974495874118892256 seems implausible relative to expectedPresent 538275414958
04-09 20:37:53.254   341   341 W BufferQueueLayer: [SurfaceView - com.papergallery.zeldasdaughter/com.unity3d.player.UnityPlayerActivity#0] Timestamp 6046206396144597728 seems implausible relative to expectedPresent 538292081624
04-09 20:37:53.270   341   341 W BufferQueueLayer: [SurfaceView - com.papergallery.zeldasdaughter/com.unity3d.player.UnityPlayerActivity#0] Timestamp 6118542093609908960 seems implausible relative to expectedPresent 538308748290
04-09 20:37:53.287   341   341 W BufferQueueLayer: [SurfaceView - com.papergallery.zeldasdaughter/com.unity3d.player.UnityPlayerActivity#0] Timestamp 6189368861689952992 seems implausible relative to expectedPresent 538325414956
04-09 20:37:53.304   341   341 W BufferQueueLayer: [SurfaceView - com.papergallery.zeldasdaughter/com.unity3d.player.UnityPlayerActivity#0] Timestamp 6263854220351683296 seems implausible relative to expectedPresent 538342081622
04-09 20:37:53.320   341   341 W BufferQueueLayer: [SurfaceView - com.papergallery.zeldasdaughter/com.unity3d.player.UnityPlayerActivity#0] Timestamp 6331877968220306144 seems implausible relative to expectedPresent 538358748288
04-09 20:37:53.337   341   341 W BufferQueueLayer: [SurfaceView - com.papergallery.zeldasdaughter/com.unity3d.player.UnityPlayerActivity#0] Timestamp 6403065144186026720 seems implausible relative to expectedPresent 538375414954
04-09 20:37:53.355   341   341 W BufferQueueLayer: [SurfaceView - com.papergallery.zeldasdaughter/com.unity3d.player.UnityPlayerActivity#0] Timestamp 6473630344462777056 seems implausible relative to expectedPresent 538392081620
04-09 20:37:53.370   341   341 W BufferQueueLayer: [SurfaceView - com.papergallery.zeldasdaughter/com.unity3d.player.UnityPlayerActivity#0] Timestamp 6544771641587841760 seems implausible relative to expectedPresent 538408748286
04-09 20:37:53.387   341   341 W BufferQueueLayer: [SurfaceView - com.papergallery.zeldasdaughter/com.unity3d.player.UnityPlayerActivity#0] Timestamp 6615726043211021024 seems implausible relative to expectedPresent 538425414952
04-09 20:37:53.404   341   341 W BufferQueueLayer: [SurfaceView - com.papergallery.zeldasdaughter/com.unity3d.player.UnityPlayerActivity#0] Timestamp 6688569487415098080 seems implausible relative to expectedPresent 538442081618
04-09 20:37:53.420   341   341 W BufferQueueLayer: [SurfaceView - com.papergallery.zeldasdaughter/com.unity3d.player.UnityPlayerActivity#0] Timestamp 6757299220533000928 seems implausible relative to expectedPresent 538458748284
04-09 20:37:53.437   341   341 W BufferQueueLayer: [SurfaceView - com.papergallery.zeldasdaughter/com.unity3d.player.UnityPlayerActivity#0] Timestamp 6828544533176040160 seems implausible relative to expectedPresent 538475414950
04-09 20:37:53.454   341   341 W BufferQueueLayer: [SurfaceView - com.papergallery.zeldasdaughter/com.unity3d.player.UnityPlayerActivity#0] Timestamp 6899783704015846112 seems implausible relative to expectedPresent 538492081616
04-09 20:37:53.470   341   341 W BufferQueueLayer: [SurfaceView - com.papergallery.zeldasdaughter/com.unity3d.player.UnityPlayerActivity#0] Timestamp 6974143675402336992 seems implausible relative to expectedPresent 538508748282
04-09 20:37:53.487   341   341 W BufferQueueLayer: [SurfaceView - com.papergallery.zeldasdaughter/com.unity3d.player.UnityPlayerActivity#0] Timestamp 7041338095150873312 seems implausible relative to expectedPresent 538525414948
04-09 20:37:53.504   341   341 W BufferQueueLayer: [SurfaceView - com.papergallery.zeldasdaughter/com.unity3d.player.UnityPlayerActivity#0] Timestamp 7113457957624658656 seems implausible relative to expectedPresent 538542081614
04-09 20:37:53.520   341   341 W BufferQueueLayer: [SurfaceView - com.papergallery.zeldasdaughter/com.unity3d.player.UnityPlayerActivity#0] Timestamp 7185279422950587104 seems implausible relative to expectedPresent 538558748280
04-09 20:37:53.537   341   341 W BufferQueueLayer: [SurfaceView - com.papergallery.zeldasdaughter/com.unity3d.player.UnityPlayerActivity#0] Timestamp 7257049284244454112 seems implausible relative to expectedPresent 538575414946
04-09 20:37:53.554   341   341 W BufferQueueLayer: [SurfaceView - com.papergallery.zeldasdaughter/com.unity3d.player.UnityPlayerActivity#0] Timestamp 7329293821028907744 seems implausible relative to expectedPresent 538592081612
04-09 20:37:53.570   341   341 W BufferQueueLayer: [SurfaceView - com.papergallery.zeldasdaughter/com.unity3d.player.UnityPlayerActivity#0] Timestamp 7400836989653924576 seems implausible relative to expectedPresent 538608748278
04-09 20:37:53.587   341   341 W BufferQueueLayer: [SurfaceView - com.papergallery.zeldasdaughter/com.unity3d.player.UnityPlayerActivity#0] Timestamp 7472839797089024736 seems implausible relative to expectedPresent 538625414944
04-09 20:37:53.604   341   341 W BufferQueueLayer: [SurfaceView - com.papergallery.zeldasdaughter/com.unity3d.player.UnityPlayerActivity#0] Timestamp 7544676204606175968 seems implausible relative to expectedPresent 538642081610
04-09 20:37:53.620   341   341 W BufferQueueLayer: [SurfaceView - com.papergallery.zeldasdaughter/com.unity3d.player.UnityPlayerActivity#0] Timestamp 7621919804150299360 seems implausible relative to expectedPresent 538658748276
04-09 20:37:53.639   341   341 W BufferQueueLayer: [SurfaceView - com.papergallery.zeldasdaughter/com.unity3d.player.UnityPlayerActivity#0] Timestamp 7688419611722955488 seems implausible relative to expectedPresent 538675414942
04-09 20:37:53.654   341   341 W BufferQueueLayer: [SurfaceView - com.papergallery.zeldasdaughter/com.unity3d.player.UnityPlayerActivity#0] Timestamp 7760699229800282848 seems implausible relative to expectedPresent 538692081608
04-09 20:37:53.670   341   341 W BufferQueueLayer: [SurfaceView - com.papergallery.zeldasdaughter/com.unity3d.player.UnityPlayerActivity#0] Timestamp 7832214979354082016 seems implausible relative to expectedPresent 538708748274
04-09 20:37:53.687   341   341 W BufferQueueLayer: [SurfaceView - com.papergallery.zeldasdaughter/com.unity3d.player.UnityPlayerActivity#0] Timestamp 7905388199737080544 seems implausible relative to expectedPresent 538725414940
04-09 20:37:53.704   341   341 W BufferQueueLayer: [SurfaceView - com.papergallery.zeldasdaughter/com.unity3d.player.UnityPlayerActivity#0] Timestamp 7979307653507889888 seems implausible relative to expectedPresent 538742081606
04-09 20:37:53.720   341   341 W BufferQueueLayer: [SurfaceView - com.papergallery.zeldasdaughter/com.unity3d.player.UnityPlayerActivity#0] Timestamp 8049509679940025056 seems implausible relative to expectedPresent 538758748272
04-09 20:37:53.737   341   341 W BufferQueueLayer: [SurfaceView - com.papergallery.zeldasdaughter/com.unity3d.player.UnityPlayerActivity#0] Timestamp 8121260493053934304 seems implausible relative to expectedPresent 538775414938
04-09 20:37:53.755   341   341 W BufferQueueLayer: [SurfaceView - com.papergallery.zeldasdaughter/com.unity3d.player.UnityPlayerActivity#0] Timestamp 8196257936371399392 seems implausible relative to expectedPresent 538792081604
04-09 20:37:53.770   341   341 W BufferQueueLayer: [SurfaceView - com.papergallery.zeldasdaughter/com.unity3d.player.UnityPlayerActivity#0] Timestamp 8269966606032222944 seems implausible relative to expectedPresent 538808748270
04-09 20:37:53.787   341   341 W BufferQueueLayer: [SurfaceView - com.papergallery.zeldasdaughter/com.unity3d.player.UnityPlayerActivity#0] Timestamp 8341230816531364576 seems implausible relative to expectedPresent 538825414936
04-09 20:37:53.805   341   341 W BufferQueueLayer: [SurfaceView - com.papergallery.zeldasdaughter/com.unity3d.player.UnityPlayerActivity#0] Timestamp 8415347924697135840 seems implausible relative to expectedPresent 538842081602
04-09 20:37:53.820   341   341 W BufferQueueLayer: [SurfaceView - com.papergallery.zeldasdaughter/com.unity3d.player.UnityPlayerActivity#0] Timestamp 8484942642753616608 seems implausible relative to expectedPresent 538858748268
04-09 20:37:53.837   341   341 W BufferQueueLayer: [SurfaceView - com.papergallery.zeldasdaughter/com.unity3d.player.UnityPlayerActivity#0] Timestamp 8559221636826708704 seems implausible relative to expectedPresent 538875414934
04-09 20:37:53.853   341   341 W BufferQueueLayer: [SurfaceView - com.papergallery.zeldasdaughter/com.unity3d.player.UnityPlayerActivity#0] Timestamp 8630660257357806304 seems implausible relative to expectedPresent 538892081600
04-09 20:37:53.870   341   341 W BufferQueueLayer: [SurfaceView - com.papergallery.zeldasdaughter/com.unity3d.player.UnityPlayerActivity#0] Timestamp 8703352510123129568 seems implausible relative to expectedPresent 538908748266
04-09 20:37:53.889   341   341 W BufferQueueLayer: [SurfaceView - com.papergallery.zeldasdaughter/com.unity3d.player.UnityPlayerActivity#0] Timestamp 8771626130599099104 seems implausible relative to expectedPresent 538925414932
04-09 20:37:53.904   341   341 W BufferQueueLayer: [SurfaceView - com.papergallery.zeldasdaughter/com.unity3d.player.UnityPlayerActivity#0] Timestamp 8842609961338190560 seems implausible relative to expectedPresent 538942081598
04-09 20:37:53.920   341   341 W BufferQueueLayer: [SurfaceView - com.papergallery.zeldasdaughter/com.unity3d.player.UnityPlayerActivity#0] Timestamp 8923266977550875360 seems implausible relative to expectedPresent 538958748264
04-09 20:37:53.937   341   341 W BufferQueueLayer: [SurfaceView - com.papergallery.zeldasdaughter/com.unity3d.player.UnityPlayerActivity#0] Timestamp 8985016538409253600 seems implausible relative to expectedPresent 538975414930
04-09 20:37:53.954   341   341 W BufferQueueLayer: [SurfaceView - com.papergallery.zeldasdaughter/com.unity3d.player.UnityPlayerActivity#0] Timestamp 9057253803814075104 seems implausible relative to expectedPresent 538992081596
04-09 20:37:53.971   341   341 W BufferQueueLayer: [SurfaceView - com.papergallery.zeldasdaughter/com.unity3d.player.UnityPlayerActivity#0] Timestamp 9125024148612233952 seems implausible relative to expectedPresent 539008748262
04-09 20:37:53.987   341   341 W BufferQueueLayer: [SurfaceView - com.papergallery.zeldasdaughter/com.unity3d.player.UnityPlayerActivity#0] Timestamp 9194582569900096224 seems implausible relative to expectedPresent 539025414928
04-09 20:37:54.052  1949  1949 I abb     : StartCommandInProcess(73657474696e67730067657400676c6f settings.get.glo [truncated])
04-09 20:37:54.057  1949  5404 I abb     : oneway function results will be dropped but finished with status OK and parcel size 4
04-09 20:37:54.068  1949  1949 I abb     : StartCommandInProcess(7061636b61676500696e7374616c6c00 package.install. [truncated])
04-09 20:37:54.052   485   485 W Binder:485_1E: type=1400 audit(0.0:97): avc: denied { getopt } for scontext=u:r:system_server:s0 tcontext=u:r:shell:s0 tclass=unix_stream_socket permissive=0
--------- beginning of system
04-09 20:37:54.435   485   571 W RuleEvaluation: Integrity rule files are not available.
04-09 20:37:54.436   485   530 I PackageManager: Integrity check passed for file:///data/app/vmdl366147135.tmp
04-09 20:37:54.465   485   514 I ActivityManager: Force stopping com.papergallery.zeldasdaughter appid=10167 user=-1: installPackageLI
04-09 20:37:54.466   485   514 I ActivityManager: Killing 5613:com.papergallery.zeldasdaughter/u0a167 (adj 0): stop com.papergallery.zeldasdaughter due to installPackageLI
04-09 20:37:54.467   485   530 I PackageManager: Update package com.papergallery.zeldasdaughter code path from /data/app/~~HeMu8-xFAZVpCGHnfiYq6w==/com.papergallery.zeldasdaughter-abrDRjo5ePFfQyuFsZJblQ== to /data/app/~~ey3aWb7lkOhgtYHpVYuPWA==/com.papergallery.zeldasdaughter-nBeAx-rWLxLNfZKrPrNGCQ==; Retain data and using new
04-09 20:37:54.467   485   530 I PackageManager: Update package com.papergallery.zeldasdaughter resource path from /data/app/~~HeMu8-xFAZVpCGHnfiYq6w==/com.papergallery.zeldasdaughter-abrDRjo5ePFfQyuFsZJblQ== to /data/app/~~ey3aWb7lkOhgtYHpVYuPWA==/com.papergallery.zeldasdaughter-nBeAx-rWLxLNfZKrPrNGCQ==; Retain data and using new
04-09 20:37:54.467   485   514 W ActivityTaskManager: Force removing ActivityRecord{8758257 u0 com.papergallery.zeldasdaughter/com.unity3d.player.UnityPlayerActivity t16 f}}: app died, no saved state
04-09 20:37:54.052   485   485 I chatty  : uid=1000(system) Binder:485_3 identical 2 lines
04-09 20:37:54.180   485   485 W Binder:485_1E: type=1400 audit(0.0:100): avc: denied { getopt } for scontext=u:r:system_server:s0 tcontext=u:r:shell:s0 tclass=unix_stream_socket permissive=0
04-09 20:37:54.470   341   341 E Layer   : [Bounds for - com.papergallery.zeldasdaughter/com.unity3d.player.UnityPlayerActivity#0] No local sync point found
04-09 20:37:54.470   341   341 I chatty  : uid=1000(system) /system/bin/surfaceflinger identical 1 line
04-09 20:37:54.470   341   341 E Layer   : [Bounds for - com.papergallery.zeldasdaughter/com.unity3d.player.UnityPlayerActivity#0] No local sync point found
04-09 20:37:54.471   295   349 W EmuHWC2 : No layers, exit, buffer 0x0
04-09 20:37:54.472   485   530 D CompatibilityChangeReporter: Compat change id reported: 135549675; UID 10167; state: ENABLED
04-09 20:37:54.488   485   530 D PackageManager: Instant App installer not found with android.intent.action.INSTALL_INSTANT_APP_PACKAGE
04-09 20:37:54.488   485   530 D PackageManager: Clear ephemeral installer activity
04-09 20:37:54.496   485  2351 W ActivityManager: Unable to start service Intent { act=android.service.appprediction.AppPredictionService cmp=com.google.android.as/com.google.android.apps.miphone.aiai.app.AiAiPredictionService } U=0: not found
04-09 20:37:54.496   485  2351 W RemoteAppPredictionService: could not bind to Intent { act=android.service.appprediction.AppPredictionService cmp=com.google.android.as/com.google.android.apps.miphone.aiai.app.AiAiPredictionService } using flags 67108865
04-09 20:37:54.519   295   349 I chatty  : uid=1000(system) HwBinder:295_1 identical 1 line
04-09 20:37:54.540   295   349 W EmuHWC2 : No layers, exit, buffer 0x0
04-09 20:37:54.544   275   275 I Zygote  : Process 5613 exited due to signal 9 (Killed)
--------- beginning of kernel
04-09 20:37:54.953     0     0 I binder  : undelivered transaction 565886, process died.
04-09 20:37:54.554   485   507 W ActivityManager: setHasOverlayUi called on unknown pid: 5613
04-09 20:37:54.555   295   349 W EmuHWC2 : No layers, exit, buffer 0x0
04-09 20:37:54.557   485   516 I libprocessgroup: Successfully killed process cgroup uid 10167 pid 5613 in 90ms
04-09 20:37:54.565   485   530 I PackageDexOptimizer: Running dexopt (dexoptNeeded=1) on: /data/app/~~ey3aWb7lkOhgtYHpVYuPWA==/com.papergallery.zeldasdaughter-nBeAx-rWLxLNfZKrPrNGCQ==/base.apk pkg=com.papergallery.zeldasdaughter isa=x86 dexoptFlags=boot_complete,profile_guided,public,enable_hidden_api_checks targetFilter=speed-profile oatDir=/data/app/~~ey3aWb7lkOhgtYHpVYuPWA==/com.papergallery.zeldasdaughter-nBeAx-rWLxLNfZKrPrNGCQ==/oat classLoaderContext=PCL[]{}
04-09 20:37:54.566   411  1354 V installd: DexInv: --- BEGIN '/data/app/~~ey3aWb7lkOhgtYHpVYuPWA==/com.papergallery.zeldasdaughter-nBeAx-rWLxLNfZKrPrNGCQ==/base.apk' ---
04-09 20:37:54.570   295   349 W EmuHWC2 : No layers, exit, buffer 0x0
04-09 20:37:54.587   295   349 W EmuHWC2 : No layers, exit, buffer 0x0
04-09 20:37:54.613  5704  5704 W dex2oat32: Unexpected CPU variant for X86 using defaults: x86_64
04-09 20:37:54.613  5704  5704 W dex2oat32: Mismatch between dex2oat instruction set features to use (ISA: X86 Feature string: -ssse3,-sse4.1,-sse4.2,-avx,-avx2,-popcnt) and those from CPP defines (ISA: X86 Feature string: ssse3,sse4.1,sse4.2,-avx,-avx2,popcnt) for the command line:
04-09 20:37:54.613  5704  5704 W dex2oat32: /apex/com.android.art/bin/dex2oat32 --zip-fd=7 --zip-location=base.apk --input-vdex-fd=-1 --output-vdex-fd=9 --oat-fd=8 --oat-location=/data/app/~~ey3aWb7lkOhgtYHpVYuPWA==/com.papergallery.zeldasdaughter-nBeAx-rWLxLNfZKrPrNGCQ==/oat/x86/base.odex --instruction-set=x86 --instruction-set-variant=x86_64 --instruction-set-features=default --runtime-arg -Xbootclasspath:/apex/com.android.art/javalib/core-oj.jar:/apex/com.android.art/javalib/core-libart.jar:/apex/com.android.art/javalib/core-icu4j.jar:/apex/com.android.art/javalib/okhttp.jar:/apex/com.android.art/javalib/bouncycastle.jar:/apex/com.android.art/javalib/apache-xml.jar:/system/framework/framework.jar:/system/framework/ext.jar:/system/framework/telephony-common.jar:/system/framework/voip-common.jar:/system/framework/ims-common.jar:/system/framework/framework-atb-backward-compatibility.jar --runtime-arg -Xms64m --runtime-arg -Xmx512m --updatable-bcp-packages-file=/system/etc/updatable-bcp-packages.txt --resolve-startup-const-strings=true --max-image-block-size=524288 --compiler-filter=speed-profile --swap-fd=10 --classpath-dir=/data/app/~~ey3aWb7lkOhgtYHpVYuPWA==/com.papergallery.zeldasdaughter-nBeAx-rWLxLNfZKrPrNGCQ== --class-loader-context=PCL[]{} --generate-mini-debug-info --compact-dex-level=none --runtime-arg -Xtarget-sdk-version:33 --runtime-arg -Xhidden-api-policy:enabled --compilation-reason=install
04-09 20:37:54.613  5704  5704 I dex2oat32: /apex/com.android.art/bin/dex2oat32 --input-vdex-fd=-1 --output-vdex-fd=9 --updatable-bcp-packages-file=/system/etc/updatable-bcp-packages.txt --resolve-startup-const-strings=true --max-image-block-size=524288 --compiler-filter=speed-profile --classpath-dir=/data/app/~~ey3aWb7lkOhgtYHpVYuPWA==/com.papergallery.zeldasdaughter-nBeAx-rWLxLNfZKrPrNGCQ== --class-loader-context=PCL[]{} --generate-mini-debug-info --compact-dex-level=none --compilation-reason=install
04-09 20:37:54.617  1364  1983 W ThreadPoolDumper: Queue length for executor EventBus is now 11. Perhaps some tasks are too long, or the pool is too small.
04-09 20:37:54.622  1364  1846 W LocationOracle: No location history returned by ContextManager
04-09 20:37:54.627  5704  5704 I dex2oat32: setting boot class path to /apex/com.android.art/javalib/core-oj.jar:/apex/com.android.art/javalib/core-libart.jar:/apex/com.android.art/javalib/core-icu4j.jar:/apex/com.android.art/javalib/okhttp.jar:/apex/com.android.art/javalib/bouncycastle.jar:/apex/com.android.art/javalib/apache-xml.jar:/system/framework/framework.jar:/system/framework/ext.jar:/system/framework/telephony-common.jar:/system/framework/voip-common.jar:/system/framework/ims-common.jar:/system/framework/framework-atb-backward-compatibility.jar
04-09 20:37:54.668  1364  1364 I BgTaskExecutorImpl: Starting EXCLUSIVE background task TNG_MINUS_ONE_SYNC.
04-09 20:37:54.673  1364  1804 E MDD     : DownloadProgressMonitor: Can't find file group for uri: android://com.google.android.googlequicksearchbox/files/sharedminusonemodule/shared/SharedMinusOneData.pb.tmp
04-09 20:37:54.686  1364  1983 I TngMinusOneSync: Syncing TNG:-1
04-09 20:37:54.702  1139  1942 W GCoreFlp: No location to return for getLastLocation()
04-09 20:37:54.736  5704  5704 I dex2oat32: dex2oat took 135.235ms (40.961ms cpu) (threads: 2) arena alloc=1912B (1912B) java alloc=180KB (184744B) native alloc=934KB (957168B) free=1203KB (1232832B)
04-09 20:37:54.744   411  1354 V installd: DexInv: --- END '/data/app/~~ey3aWb7lkOhgtYHpVYuPWA==/com.papergallery.zeldasdaughter-nBeAx-rWLxLNfZKrPrNGCQ==/base.apk' (success) ---
04-09 20:37:54.765   411  1354 E installd: Couldn't opendir /data/app/vmdl366147135.tmp: No such file or directory
04-09 20:37:54.765   411  1354 E installd: Failed to delete /data/app/vmdl366147135.tmp: No such file or directory
04-09 20:37:54.765   485   530 I ActivityManager: Force stopping com.papergallery.zeldasdaughter appid=10167 user=0: pkg removed
04-09 20:37:54.766  1949  5404 I abb     : oneway function results will be dropped but finished with status OK and parcel size 4
04-09 20:37:54.781   485   514 W BroadcastQueue: Background execution not allowed: receiving Intent { act=android.intent.action.PACKAGE_REMOVED dat=package:com.papergallery.zeldasdaughter flg=0x4000010 (has extras) } to com.google.android.gms/.games.chimera.GamesSystemBroadcastReceiverProxy
04-09 20:37:54.781   485   514 W BroadcastQueue: Background execution not allowed: receiving Intent { act=android.intent.action.PACKAGE_REMOVED dat=package:com.papergallery.zeldasdaughter flg=0x4000010 (has extras) } to com.google.android.gms/.chimera.GmsIntentOperationService$PersistentTrustedReceiver
04-09 20:37:54.781   485   514 W BroadcastQueue: Background execution not allowed: receiving Intent { act=android.intent.action.PACKAGE_REMOVED dat=package:com.papergallery.zeldasdaughter flg=0x4000010 (has extras) } to com.google.android.googlequicksearchbox/com.google.android.apps.gsa.googlequicksearchbox.GelStubAppWatcher
04-09 20:37:54.782  1454  1454 I MediaProvider: Invalidating LocalCallingIdentity cache for package com.papergallery.zeldasdaughter. Reason: package android.intent.action.PACKAGE_REMOVED
04-09 20:37:54.782   629   629 V AvrcpMediaPlayerList: mPackageChangedBroadcastReceiver: action: android.intent.action.PACKAGE_REMOVED
04-09 20:37:54.785  1472  1472 I GsaVoiceInteractionSrv: O received Intent { act=android.intent.action.PACKAGE_REMOVED dat=package:com.papergallery.zeldasdaughter flg=0x4000010 (has extras) }
04-09 20:37:54.793   485   562 I InputReader: Reconfiguring input devices, changes=KEYBOARD_LAYOUTS | 
04-09 20:37:54.820   629   629 V AvrcpMediaPlayerList: mPackageChangedBroadcastReceiver: action: android.intent.action.PACKAGE_ADDED
04-09 20:37:54.820   629   629 D AvrcpMediaPlayerList: Name of package changed: com.papergallery.zeldasdaughter
04-09 20:37:54.820  1454  1454 I MediaProvider: Invalidating LocalCallingIdentity cache for package com.papergallery.zeldasdaughter. Reason: package android.intent.action.PACKAGE_ADDED
04-09 20:37:54.822   485   514 W BroadcastQueue: Background execution not allowed: receiving Intent { act=android.intent.action.PACKAGE_ADDED dat=package:com.papergallery.zeldasdaughter flg=0x4000010 (has extras) } to com.google.android.packageinstaller/com.android.packageinstaller.PackageInstalledReceiver
04-09 20:37:54.822   485   514 W BroadcastQueue: Background execution not allowed: receiving Intent { act=android.intent.action.PACKAGE_ADDED dat=package:com.papergallery.zeldasdaughter flg=0x4000010 (has extras) } to com.google.android.gms/.games.chimera.GamesSystemBroadcastReceiverProxy
04-09 20:37:54.822   485   514 W BroadcastQueue: Background execution not allowed: receiving Intent { act=android.intent.action.PACKAGE_ADDED dat=package:com.papergallery.zeldasdaughter flg=0x4000010 (has extras) } to com.google.android.gms/.gass.chimera.PackageChangeBroadcastReceiver
04-09 20:37:54.822   485   514 W BroadcastQueue: Background execution not allowed: receiving Intent { act=android.intent.action.PACKAGE_ADDED dat=package:com.papergallery.zeldasdaughter flg=0x4000010 (has extras) } to com.google.android.gms/.chimera.GmsIntentOperationService$PersistentTrustedReceiver
04-09 20:37:54.822   485   514 W BroadcastQueue: Background execution not allowed: receiving Intent { act=android.intent.action.PACKAGE_ADDED dat=package:com.papergallery.zeldasdaughter flg=0x4000010 (has extras) } to com.google.android.googlequicksearchbox/com.google.android.apps.gsa.googlequicksearchbox.GelStubAppWatcher
04-09 20:37:54.822   485   514 W BroadcastQueue: Background execution not allowed: receiving Intent { act=android.intent.action.PACKAGE_ADDED dat=package:com.papergallery.zeldasdaughter flg=0x4000010 (has extras) } to com.google.android.ims/.receivers.RcsAutoStartReceiver
04-09 20:37:54.822   485   514 W BroadcastQueue: Background execution not allowed: receiving Intent { act=android.intent.action.PACKAGE_REPLACED dat=package:com.papergallery.zeldasdaughter flg=0x4000010 (has extras) } to com.google.android.gms/.gass.chimera.PackageChangeBroadcastReceiver
04-09 20:37:54.822   485   514 W BroadcastQueue: Background execution not allowed: receiving Intent { act=android.intent.action.PACKAGE_REPLACED dat=package:com.papergallery.zeldasdaughter flg=0x4000010 (has extras) } to com.google.android.gms/.chimera.GmsIntentOperationService$PersistentTrustedReceiver
04-09 20:37:54.822   485   514 W BroadcastQueue: Background execution not allowed: receiving Intent { act=android.intent.action.PACKAGE_REPLACED dat=package:com.papergallery.zeldasdaughter flg=0x4000010 (has extras) } to com.google.android.googlequicksearchbox/com.google.android.apps.gsa.googlequicksearchbox.GelStubAppWatcher
04-09 20:37:54.822   485   514 W BroadcastQueue: Background execution not allowed: receiving Intent { act=android.intent.action.PACKAGE_REPLACED dat=package:com.papergallery.zeldasdaughter flg=0x4000010 (has extras) } to com.google.android.ims/.receivers.RcsAutoStartReceiver
04-09 20:37:54.827   485   562 I InputReader: Reconfiguring input devices, changes=KEYBOARD_LAYOUTS | 
04-09 20:37:54.833   485   485 I Telecom : DefaultDialerCache: Refreshing default dialer for user 0: now com.android.dialer: DDC.oR@AJc
04-09 20:37:54.833  1472  1472 I GsaVoiceInteractionSrv: O received Intent { act=android.intent.action.PACKAGE_ADDED dat=package:com.papergallery.zeldasdaughter flg=0x4000010 (has extras) }
04-09 20:37:54.833  1472  1472 I GsaVoiceInteractionSrv: O received Intent { act=android.intent.action.PACKAGE_REPLACED dat=package:com.papergallery.zeldasdaughter flg=0x4000010 (has extras) }
04-09 20:37:54.838   485   485 V BackupManagerConstants: getFullBackupIntervalMilliseconds(...) returns 86400000
04-09 20:37:54.838   485   485 V BackupManagerConstants: getFullBackupRequiredNetworkType(...) returns 2
04-09 20:37:54.838   485   485 V BackupManagerConstants: getFullBackupRequireCharging(...) returns true
04-09 20:37:54.853   366   431 W APM::AudioPolicyEngine: getDevicesForStrategy() unknown strategy: -1
04-09 20:37:54.853   366   431 W APM::AudioPolicyEngine: getDevicesForStrategy() unknown strategy: -1
04-09 20:37:54.860   485  3905 I system_server: oneway function results will be dropped but finished with status OK and parcel size 4
04-09 20:37:54.866   919   919 D CarrierSvcBindHelper: No carrier app for: 0
04-09 20:37:54.868   919   919 D CarrierSvcBindHelper: No carrier app for: 0
04-09 20:37:54.876   919   919 D CarrierConfigLoader: mHandler: 9 phoneId: 0
04-09 20:37:54.942  1285  1299 I .apps.wellbein: Background concurrent copying GC freed 5129(405KB) AllocSpace objects, 0(0B) LOS objects, 49% free, 4150KB/8301KB, paused 12us total 159.795ms
04-09 20:37:54.942   792  4266 I PermissionControllerServiceImpl: Updating user sensitive for uid 10167
04-09 20:37:54.945   485  2125 W ActivityManager: Unable to start service Intent { act=com.google.android.gms.auth.key.retrieval.service.START pkg=com.google.android.gms } U=0: not found
04-09 20:37:54.946   485  2125 W ActivityManager: Unbind failed: could not find connection for android.os.BinderProxy@5194792
04-09 20:37:54.946  1306  1669 E GmsClient: unable to connect to service: com.google.android.gms.auth.key.retrieval.service.START on com.google.android.gms
04-09 20:37:54.949  1139  5723 I Fitness : FitCleanupIntentOperation received Intent android.intent.action.PACKAGE_REMOVED [CONTEXT service_id=17 ]
04-09 20:37:54.979  1306  5732 I Auth    : [SupervisedAccountIntentOperation] onHandleIntent(): android.intent.action.PACKAGE_ADDED
04-09 20:37:54.979  1306  5732 I ChromeSync: [Sync,SyncIntentOperation] Handling the intent: Intent { act=android.intent.action.PACKAGE_ADDED dat=package:com.papergallery.zeldasdaughter flg=0x4000010 cmp=com.google.android.gms/.chimera.GmsIntentOperationService (has extras) }.
04-09 20:37:55.007  1306  5732 I ChromeSync: [Persistence,AffiliationManager] One of affiliation or grouping data for android://RFpuFd37xDjPjYs76yySE7ZqDlT4fGeTnCW_W0RVfRGzdgR0TBBZV6AdNyOLxmKSpIoxq-jL1nsKR1vG5bplLA==@com.papergallery.zeldasdaughter/ was not found. Marking affiliation data as stale...
04-09 20:37:55.028  1139  1152 I .gms.persisten: Background young concurrent copying GC freed 61053(3334KB) AllocSpace objects, 24(636KB) LOS objects, 18% free, 15MB/19MB, paused 5.760ms total 98.038ms
04-09 20:37:55.061  1306  5745 W SQLiteLog: (28) double-quoted string literal: "com.papergallery.zeldasdaughter"
04-09 20:37:54.764   485   485 W Binder:485_1E: type=1400 audit(0.0:101): avc: denied { getopt } for scontext=u:r:system_server:s0 tcontext=u:r:shell:s0 tclass=unix_stream_socket permissive=0
04-09 20:37:55.120  1306  2045 I Icing   : IndexChimeraService.getServiceInterface callingPackage=com.google.android.gms componentName=AppsCorpus serviceId=36 [CONTEXT service_id=21 ]
04-09 20:37:55.125  1306  2924 E ProtoLiteUtils: Corrupt protobuf data, expected CRC: 76 computed CRC: 0
04-09 20:37:55.147  5749  5749 D AndroidRuntime: >>>>>> START com.android.internal.os.RuntimeInit uid 2000 <<<<<<
04-09 20:37:55.159   485   495 I system_server: Background concurrent copying GC freed 467797(19MB) AllocSpace objects, 44(2392KB) LOS objects, 50% free, 16MB/32MB, paused 34us total 384.126ms
04-09 20:37:55.160   485   496 W JavaBinder: BinderProxy is being destroyed but the application did not call unlinkToDeath to unlink all of its death recipients beforehand.  Releasing leaked death recipient: com.android.server.AlarmManagerService$2
04-09 20:37:55.160   485   496 I BpBinder: onLastStrongRef automatically unlinking death recipients: <uncached descriptor>
04-09 20:37:55.161   485   496 W JavaBinder: BinderProxy is being destroyed but the application did not call unlinkToDeath to unlink all of its death recipients beforehand.  Releasing leaked death recipient: com.android.server.AlarmManagerService$2
04-09 20:37:55.161   485   496 I BpBinder: onLastStrongRef automatically unlinking death recipients: <uncached descriptor>
04-09 20:37:55.161   485   496 W JavaBinder: BinderProxy is being destroyed but the application did not call unlinkToDeath to unlink all of its death recipients beforehand.  Releasing leaked death recipient: com.android.server.AlarmManagerService$2
04-09 20:37:55.161   485   496 I BpBinder: onLastStrongRef automatically unlinking death recipients: <uncached descriptor>
04-09 20:37:55.162   485   496 W JavaBinder: BinderProxy is being destroyed but the application did not call unlinkToDeath to unlink all of its death recipients beforehand.  Releasing leaked death recipient: com.android.server.AlarmManagerService$2
04-09 20:37:55.162   485   496 I BpBinder: onLastStrongRef automatically unlinking death recipients: <uncached descriptor>
04-09 20:37:55.166  5749  5749 E libc    : Access denied finding property "persist.device_config.runtime_native_boot.profilebootclasspath"
04-09 20:37:55.166  5749  5749 E libc    : Access denied finding property "persist.device_config.runtime_native_boot.enable_apex_image"
04-09 20:37:55.166  5749  5749 I AndroidRuntime: Using default boot image
04-09 20:37:55.585     0     0 W audit   : audit_lost=5 audit_rate_limit=5 audit_backlog_limit=64
04-09 20:37:55.594     0     0 E audit   : rate limit exceeded
04-09 20:37:55.178  5749  5749 E libc    : Access denied finding property "persist.device_config.runtime_native_boot.disable_lock_profiling"
04-09 20:37:55.178  5749  5749 I AndroidRuntime: Leaving lock profiling enabled
