04-09 20:37:55.178  5749  5749 E libc    : Access denied finding property "persist.device_config.runtime_native_boot.enable_generational_cc"
04-09 20:37:55.180  5749  5749 I app_process: Core platform API reporting enabled, enforcing=false
04-09 20:37:55.198  1306  2512 I Icing   : IndexChimeraService.getServiceInterface callingPackage=com.google.android.gms componentName=null serviceId=30 [CONTEXT service_id=21 ]
04-09 20:37:55.216  1306  2138 I Icing   : Usage reports ok 1, Failed Usage reports 0, indexed 0, rejected 0 [CONTEXT service_id=21 ]
04-09 20:37:55.239  1306  2138 I Icing   : Usage reports ok 0, Failed Usage reports 0, indexed 0, rejected 0 [CONTEXT service_id=21 ]
04-09 20:37:54.764   485   485 W Binder:485_1E: type=1400 audit(0.0:102): avc: denied { getopt } for scontext=u:r:system_server:s0 tcontext=u:r:shell:s0 tclass=unix_stream_socket permissive=0
04-09 20:37:55.250  5749  5749 D app_process: Time zone APEX ICU file found: /apex/com.android.tzdata/etc/icu/icu_tzdata.dat
04-09 20:37:55.250  5749  5749 D app_process: I18n APEX ICU file found: /apex/com.android.i18n/etc/icu/icudt66l.dat
04-09 20:37:55.253  1306  2138 I Icing   : Indexing com.google.android.gms-apps from com.google.android.gms [CONTEXT service_id=21 ]
04-09 20:37:55.254  5749  5749 W app_process: Unexpected CPU variant for X86 using defaults: x86_64
04-09 20:37:55.255  5749  5749 I app_process: The ClassLoaderContext is a special shared library.
04-09 20:37:55.263  5749  5749 W app_process: JNI RegisterNativeMethods: attempt to register 0 native methods for android.media.AudioAttributes
04-09 20:37:55.266  1306  2138 E ProtoLiteUtils: Corrupt protobuf data, expected CRC: 76 computed CRC: 0
04-09 20:37:55.266  1306  2138 I Icing   : Indexing done com.google.android.gms-apps [CONTEXT service_id=21 ]
04-09 20:37:55.267  5749  5749 D AndroidRuntime: Calling main entry com.android.commands.monkey.Monkey
04-09 20:37:55.267  5749  5749 W Monkey  : args: [-p, com.papergallery.zeldasdaughter, -c, android.intent.category.LAUNCHER, 1]
04-09 20:37:55.268  5749  5749 W Monkey  :  arg: "-p"
04-09 20:37:55.268  5749  5749 W Monkey  :  arg: "com.papergallery.zeldasdaughter"
04-09 20:37:55.268  5749  5749 W Monkey  :  arg: "-c"
04-09 20:37:54.764   485   485 W Binder:485_1E: type=1400 audit(0.0:103): avc: denied { getopt } for scontext=u:r:system_server:s0 tcontext=u:r:shell:s0 tclass=unix_stream_socket permissive=0
04-09 20:37:55.268  5749  5749 W Monkey  :  arg: "android.intent.category.LAUNCHER"
04-09 20:37:55.268  5749  5749 W Monkey  :  arg: "1"
04-09 20:37:55.269  5749  5749 W Monkey  : data="com.papergallery.zeldasdaughter"
04-09 20:37:55.269  5749  5749 W Monkey  : data="android.intent.category.LAUNCHER"
04-09 20:37:55.276  1306  2138 I Icing   : Indexing com.google.android.gms-internal.3p:MobileApplication from com.google.android.gms [CONTEXT service_id=21 ]
04-09 20:37:55.278  1306  2924 E ProtoLiteUtils: Corrupt protobuf data, expected CRC: 76 computed CRC: 0
04-09 20:37:55.164  5749  5749 W app_process: type=1400 audit(0.0:104): avc: denied { read } for name="u:object_r:device_config_runtime_native_boot_prop:s0" dev="tmpfs" ino=229 scontext=u:r:shell:s0 tcontext=u:object_r:device_config_runtime_native_boot_prop:s0 tclass=file permissive=0
04-09 20:37:55.283  1306  2045 I Icing   : IndexChimeraService.getServiceInterface callingPackage=com.google.android.gms componentName=null serviceId=36 [CONTEXT service_id=21 ]
04-09 20:37:55.283  1306  2138 I Icing   : Indexing done com.google.android.gms-internal.3p:MobileApplication [CONTEXT service_id=21 ]
04-09 20:37:55.284  1306  2138 I Icing   : Indexing com.google.android.gms-apps from com.google.android.gms [CONTEXT service_id=21 ]
04-09 20:37:55.284  1306  2138 E ProtoLiteUtils: Corrupt protobuf data, expected CRC: 76 computed CRC: 0
04-09 20:37:55.284  1306  2138 I Icing   : Indexing done com.google.android.gms-apps [CONTEXT service_id=21 ]
04-09 20:37:55.285   485   514 W BroadcastQueue: Skipping deliver [background] BroadcastRecord{8874517 u-1 android.net.conn.CONNECTIVITY_CHANGE} to ReceiverList{f6f9d04 5749 (unknown name)/2000/u-1 remote:bc58cb1}: process gone or crashing
04-09 20:37:55.288   485  1448 I ActivityTaskManager: START u0 {act=android.intent.action.MAIN cat=[android.intent.category.LAUNCHER] flg=0x10200000 cmp=com.papergallery.zeldasdaughter/com.unity3d.player.UnityPlayerActivity} from uid 2000
04-09 20:37:55.296   485   507 D EventSequenceValidator: inc AccIntentStartedEvents to 2
04-09 20:37:55.297   485   507 D CompatibilityChangeReporter: Compat change id reported: 135634846; UID 10167; state: DISABLED
04-09 20:37:55.297   485   515 D CompatibilityChangeReporter: Compat change id reported: 143937733; UID 10167; state: ENABLED
04-09 20:37:55.164  5749  5749 W app_process: type=1400 audit(0.0:105): avc: denied { read } for name="u:object_r:device_config_runtime_native_boot_prop:s0" dev="tmpfs" ino=229 scontext=u:r:shell:s0 tcontext=u:object_r:device_config_runtime_native_boot_prop:s0 tclass=file permissive=0
04-09 20:37:55.299  5749  5749 I Monkey  : Events injected: 1
04-09 20:37:55.304   275   275 D Zygote  : Forked child process 5788
04-09 20:37:55.304   485   515 I ActivityManager: Start proc 5788:com.papergallery.zeldasdaughter/u0a167 for pre-top-activity {com.papergallery.zeldasdaughter/com.unity3d.player.UnityPlayerActivity}
04-09 20:37:55.305   402   402 I perfetto: ing_service_impl.cc:758 Configured tracing session 7, #sources:1, duration:5000 ms, #buffers:1, total buffer size:4096 KB, total sessions:1, uid:1071 session name: ""
04-09 20:37:55.305   401   401 I perfetto: probes_producer.cc:230  Ftrace setup (target_buf=7)
04-09 20:37:55.314  5749  5749 I Monkey  : ## Network stats: elapsed time=22ms (0ms mobile, 0ms wifi, 22ms not connected)
04-09 20:37:55.315  1306  2924 I Icing   : Usage reports ok 0, Failed Usage reports 0, indexed 0, rejected 0 [CONTEXT service_id=21 ]
04-09 20:37:55.333  5788  5788 W .zeldasdaughte: Unexpected CPU variant for X86 using defaults: x86_64
04-09 20:37:55.333  5788  5788 I ndk_translation: Initialized NDK translation (armv7l), version 0.2.2
04-09 20:37:55.334  5749  5749 I app_process: System.exit called, status: 0
04-09 20:37:55.334  5749  5749 I AndroidRuntime: VM exiting with result code 0.
04-09 20:37:55.345   401   401 I perfetto: ftrace_procfs.cc:176    enabled ftrace
04-09 20:37:55.748     0     0 W perfetto: enabled ftrace
04-09 20:37:55.466   379   398 I adbd    : jdwp connection from 5788
04-09 20:37:55.495  5788  5788 D NetworkSecurityConfig: No Network Security Config specified, using platform default
04-09 20:37:55.495  5788  5788 D NetworkSecurityConfig: No Network Security Config specified, using platform default
04-09 20:37:55.675  5788  5788 I Mono    : JNI_OnLoad called
04-09 20:37:55.713   162   162 I hwservicemanager: getTransport: Cannot find entry android.hardware.graphics.mapper@4.0::IMapper/default in either framework or device manifest.
04-09 20:37:55.714  5788  5788 I Gralloc4: mapper 4.x is not supported
04-09 20:37:55.714  5788  5788 D HostConnection: createUnique: call
04-09 20:37:55.716  5788  5788 D HostConnection: HostConnection::get() New Host Connection established 0xeeba0bc0, tid 5788
04-09 20:37:55.762  5788  5788 D HostConnection: HostComposition ext ANDROID_EMU_CHECKSUM_HELPER_v1 ANDROID_EMU_native_sync_v2 ANDROID_EMU_dma_v1 ANDROID_EMU_direct_mem ANDROID_EMU_host_composition_v1 ANDROID_EMU_host_composition_v2 ANDROID_EMU_vulkan ANDROID_EMU_deferred_vulkan_commands ANDROID_EMU_vulkan_null_optional_strings ANDROID_EMU_vulkan_create_resources_with_requirements ANDROID_EMU_YUV_Cache ANDROID_EMU_vulkan_ignored_handles ANDROID_EMU_has_shared_slots_host_memory_allocator ANDROID_EMU_vulkan_free_memory_sync ANDROID_EMU_vulkan_shader_float16_int8 ANDROID_EMU_vulkan_async_queue_submit ANDROID_EMU_sync_buffer_data ANDROID_EMU_vulkan_async_qsri ANDROID_EMU_read_color_buffer_dma ANDROID_EMU_hwc_color_transform GL_OES_EGL_image_external_essl3 GL_OES_vertex_array_object GL_KHR_texture_compression_astc_ldr ANDROID_EMU_host_side_tracing ANDROID_EMU_gles_max_version_3_0 
04-09 20:37:55.813   485   513 W system_server: Failed to determine oat file name for dex location /data/app/~~ey3aWb7lkOhgtYHpVYuPWA==/com.papergallery.zeldasdaughter-nBeAx-rWLxLNfZKrPrNGCQ==/base.apk: Dalvik cache directory does not exist
04-09 20:37:55.813   485   507 D EventSequenceValidator: dec AccIntentStartedEvents to 1
04-09 20:37:55.813   485   513 D ArtManagerInternalImpl: /data/misc/iorapd/com.papergallery.zeldasdaughter/1/com.unity3d.player.UnityPlayerActivity/compiled_traces/compiled_trace.pb doesn't exist
04-09 20:37:55.814   485   513 I ActivityTaskManager: Displayed com.papergallery.zeldasdaughter/com.unity3d.player.UnityPlayerActivity: +524ms
04-09 20:37:55.884  1364  5353 I PBSessionCacheImpl: Deleted sessionId[6000711200512402] from persistence.
04-09 20:37:55.892  1364  1983 W SearchServiceCore: Abort, client detached.
04-09 20:37:55.926  5788  5817 I Unity   : MemoryManager: Using 'Dynamic Heap' Allocator.
04-09 20:37:56.069  5788  5817 I Unity   : SystemInfo CPU = x86-64 SSE3 SSE4.1 SSE4.2 AVX AVX2, Cores = 1, Memory = 1981mb
04-09 20:37:56.070  5788  5817 I Unity   : SystemInfo ARM big.LITTLE configuration: 1 big (mask: 0x2), 0 little (mask: 0x0)
04-09 20:37:56.073  5788  5817 I Unity   : ApplicationInfo com.papergallery.zeldasdaughter version 0.1.0
04-09 20:37:56.073  5788  5817 I Unity   : Built from '2022.3/staging' branch, Version '2022.3.30f1 (70558241b701)', Build type 'Release', Scripting Backend 'mono', CPU 'armeabi-v7a', Stripping 'Disabled'
04-09 20:37:57.177  5788  5817 E libprocessgroup: set_timerslack_ns write failed: Operation not permitted
04-09 20:37:57.211  5788  5817 I chatty  : uid=10167(com.papergallery.zeldasdaughter) UnityMain identical 14 lines
04-09 20:37:57.211  5788  5817 E libprocessgroup: set_timerslack_ns write failed: Operation not permitted
04-09 20:37:57.348  5788  5817 I Unity   : Company Name: PaperGallery
04-09 20:37:57.349  5788  5817 I Unity   : Product Name: Zelda's Daughter
04-09 20:37:57.360  5788  5817 D HostConnection: HostConnection::get() New Host Connection established 0xeeb88f90, tid 5817
04-09 20:37:57.363  5788  5817 D HostConnection: HostComposition ext ANDROID_EMU_CHECKSUM_HELPER_v1 ANDROID_EMU_native_sync_v2 ANDROID_EMU_dma_v1 ANDROID_EMU_direct_mem ANDROID_EMU_host_composition_v1 ANDROID_EMU_host_composition_v2 ANDROID_EMU_vulkan ANDROID_EMU_deferred_vulkan_commands ANDROID_EMU_vulkan_null_optional_strings ANDROID_EMU_vulkan_create_resources_with_requirements ANDROID_EMU_YUV_Cache ANDROID_EMU_vulkan_ignored_handles ANDROID_EMU_has_shared_slots_host_memory_allocator ANDROID_EMU_vulkan_free_memory_sync ANDROID_EMU_vulkan_shader_float16_int8 ANDROID_EMU_vulkan_async_queue_submit ANDROID_EMU_sync_buffer_data ANDROID_EMU_vulkan_async_qsri ANDROID_EMU_read_color_buffer_dma ANDROID_EMU_hwc_color_transform GL_OES_EGL_image_external_essl3 GL_OES_vertex_array_object GL_KHR_texture_compression_astc_ldr ANDROID_EMU_host_side_tracing ANDROID_EMU_gles_max_version_3_0 
04-09 20:37:57.364  5788  5817 D vulkan  : searching for layers in '/data/app/~~ey3aWb7lkOhgtYHpVYuPWA==/com.papergallery.zeldasdaughter-nBeAx-rWLxLNfZKrPrNGCQ==/lib/arm'
04-09 20:37:57.365  5788  5817 D vulkan  : searching for layers in '/data/app/~~ey3aWb7lkOhgtYHpVYuPWA==/com.papergallery.zeldasdaughter-nBeAx-rWLxLNfZKrPrNGCQ==/base.apk!/lib/armeabi-v7a'
04-09 20:37:57.375  5788  5817 E ndk_translation: Unknown function is used with vkGetInstanceProcAddr: vkGetPhysicalDeviceFragmentShadingRatesKHR
04-09 20:37:57.376   162   162 I hwservicemanager: getTransport: Cannot find entry android.hardware.configstore@1.0::ISurfaceFlingerConfigs/default in either framework or device manifest.
04-09 20:37:57.376  5788  5817 D goldfish_vulkan: on_vkEnumerateDeviceExtensionProperties: host has ext semaphore? win32 0 posix 1
04-09 20:37:57.383  5788  5817 I chatty  : uid=10167(com.papergallery.zeldasdaughter) UnityMain identical 8 lines
04-09 20:37:57.383  5788  5817 D goldfish_vulkan: on_vkEnumerateDeviceExtensionProperties: host has ext semaphore? win32 0 posix 1
04-09 20:37:57.387  5788  5817 E ndk_translation: Unknown function is used with vkGetDeviceProcAddr: vkCmdBeginRenderPass2KHR
04-09 20:37:57.387  5788  5817 E ndk_translation: Unknown function is used with vkGetInstanceProcAddr: vkCmdBeginRenderPass2KHR
04-09 20:37:57.388  5788  5817 E ndk_translation: Unknown function is used with vkGetDeviceProcAddr: vkCmdEndRenderPass2KHR
04-09 20:37:57.388  5788  5817 E ndk_translation: Unknown function is used with vkGetInstanceProcAddr: vkCmdEndRenderPass2KHR
04-09 20:37:57.388  5788  5817 E ndk_translation: Unknown function is used with vkGetDeviceProcAddr: vkCmdNextSubpass2KHR
04-09 20:37:57.388  5788  5817 E ndk_translation: Unknown function is used with vkGetInstanceProcAddr: vkCmdNextSubpass2KHR
04-09 20:37:57.388  5788  5817 E ndk_translation: Unknown function is used with vkGetDeviceProcAddr: vkCreateRenderPass2KHR
04-09 20:37:57.388  5788  5817 E ndk_translation: Unknown function is used with vkGetInstanceProcAddr: vkCreateRenderPass2KHR
04-09 20:37:57.388  5788  5817 E ndk_translation: Unknown function is used with vkGetDeviceProcAddr: vkCmdSetFragmentShadingRateKHR
04-09 20:37:57.388  5788  5817 E ndk_translation: Unknown function is used with vkGetInstanceProcAddr: vkCmdSetFragmentShadingRateKHR
04-09 20:37:57.504  5788  5848 I SwappyDisplayManager: Starting looper thread
04-09 20:37:57.505  5788  5817 V SwappyVk: SwappyVk initialized for VkDevice 0xef02ba50 using VK_GOOGLE_display_timing on Android
04-09 20:37:57.506  5788  5817 I SwappyVk: Returning refresh duration of 16666666 nsec (approx 60.000002 Hz)
04-09 20:37:57.514  5788  5817 V MediaRouter: Selecting route: RouteInfo{ name=Phone, description=null, status=null, category=RouteCategory{ name=System types=ROUTE_TYPE_LIVE_AUDIO ROUTE_TYPE_LIVE_VIDEO  groupable=false }, supportedTypes=ROUTE_TYPE_LIVE_AUDIO ROUTE_TYPE_LIVE_VIDEO , presentationDisplay=null }
04-09 20:37:57.527   485  3905 I system_server: oneway function results will be dropped but finished with status OK and parcel size 4
04-09 20:37:57.670   485  3905 D WifiNl80211Manager: Scan result ready event
04-09 20:37:57.670   485  3905 D WifiNative: Scan result ready event
04-09 20:37:57.724   485  3905 I system_server: oneway function results will be dropped but finished with status OK and parcel size 4
04-09 20:37:57.724   485  3905 I chatty  : uid=1000(system) Binder:485_1D identical 2 lines
04-09 20:37:57.724   485  3905 I system_server: oneway function results will be dropped but finished with status OK and parcel size 4
04-09 20:37:57.737   366  5703 D AudioFlinger: Client defaulted notificationFrames to 682 for frameCount 2048
04-09 20:37:57.737   366  5703 D AF::TrackHandle: OpPlayAudio: track:60 usage:1 not muted
04-09 20:37:57.739  5788  5851 W AudioTrack: Use of stream types is deprecated for operations other than volume control
04-09 20:37:57.739  5788  5851 W AudioTrack: See the documentation of AudioTrack() for what to use instead with android.media.AudioAttributes to qualify your playback use case
04-09 20:37:57.739  5788  5788 V MediaRouter: Selecting route: RouteInfo{ name=Phone, description=null, status=null, category=RouteCategory{ name=System types=ROUTE_TYPE_LIVE_AUDIO ROUTE_TYPE_LIVE_VIDEO  groupable=false }, supportedTypes=ROUTE_TYPE_LIVE_AUDIO ROUTE_TYPE_LIVE_VIDEO , presentationDisplay=null }
04-09 20:37:57.740   366  5703 W APM::AudioPolicyEngine: getDevicesForStrategy() unknown strategy: -1
04-09 20:37:57.740   366  5703 W APM::AudioPolicyEngine: getDevicesForStrategy() unknown strategy: -1
04-09 20:37:57.740   485  3905 I system_server: oneway function results will be dropped but finished with status OK and parcel size 4
04-09 20:37:57.763   366   437 D AudioFlinger: mixer(0x72f542ee4040) throttle end: throttle time(4)
04-09 20:37:57.830   366   437 D AudioFlinger: mixer(0x72f542ee4040) throttle end: throttle time(34)
04-09 20:37:58.925  5788  5817 I MONO    : Getting locale
04-09 20:37:58.927  5788  5817 I Mono    : Locale en-US
04-09 20:37:59.654  1257  1340 I PeriodicStatsRunner: PeriodicStatsRunner.call():180 call()
04-09 20:37:59.654  1257  1340 I PeriodicStatsRunner: PeriodicStatsRunner.call():184 No submit PeriodicStats since input started.
04-09 20:38:00.003   649   649 D KeyguardClockSwitch: Updating clock: 838
04-09 20:38:00.309   401   401 I perfetto: probes_producer.cc:329  Producer stop (id=7)
04-09 20:38:00.310   402   402 E libc    : The property "ro.build.fingerprint" has a value with length 92 that is too large for __system_property_get()/__system_property_read(); use __system_property_read_callback() instead.
04-09 20:38:00.310   402   402 I perfetto: ng_service_impl.cc:1948 Tracing session 7 ended, total sessions:0
04-09 20:38:00.313   401   401 I perfetto: ftrace_procfs.cc:183    disabled ftrace
04-09 20:38:00.730     0     0 W perfetto: disabled ftrace
04-09 20:38:00.334  5788  5848 I SwappyDisplayManager: Terminating looper thread
04-09 20:38:00.355  5788  5856 I SwappyDisplayManager: Starting looper thread
04-09 20:38:00.355  5788  5817 V SwappyVk: SwappyVk initialized for VkDevice 0xef02ba50 using VK_GOOGLE_display_timing on Android
04-09 20:38:00.356  5788  5817 I SwappyVk: Returning refresh duration of 16666666 nsec (approx 60.000002 Hz)
04-09 20:38:00.582  5788  5858 D HostConnection: HostConnection::get() New Host Connection established 0xeeb9eee0, tid 5858
04-09 20:38:00.692   341   363 E SurfaceFlinger: setDesiredDisplayConfigSpecs: failed to call setDesiredDisplayConfigSpecs: -22
04-09 20:38:00.692   485   507 E SurfaceFlinger: setDesiredDisplayConfigSpecs failed to transact: -22
04-09 20:38:00.726   485  1448 I system_server: oneway function results will be dropped but finished with status OK and parcel size 4
04-09 20:38:00.770   341   341 W BufferQueueLayer: [SurfaceView - com.papergallery.zeldasdaughter/com.unity3d.player.UnityPlayerActivity#0] Timestamp 1209424148210957024 seems implausible relative to expectedPresent 545808747990
04-09 20:38:00.820   341   341 W BufferQueueLayer: [SurfaceView - com.papergallery.zeldasdaughter/com.unity3d.player.UnityPlayerActivity#0] Timestamp 1664026129887181536 seems implausible relative to expectedPresent 545858747988
04-09 20:38:00.847   485   513 I ActivityTaskManager: Fully drawn com.papergallery.zeldasdaughter/com.unity3d.player.UnityPlayerActivity: +5s558ms
04-09 20:38:00.854   341   341 W BufferQueueLayer: [SurfaceView - com.papergallery.zeldasdaughter/com.unity3d.player.UnityPlayerActivity#0] Timestamp 1887881551931554528 seems implausible relative to expectedPresent 545892081320
04-09 20:38:00.887   341   341 W BufferQueueLayer: [SurfaceView - com.papergallery.zeldasdaughter/com.unity3d.player.UnityPlayerActivity#0] Timestamp 2029631067725806304 seems implausible relative to expectedPresent 545925414652
04-09 20:38:00.917  1257  1340 I PeriodicStatsRunner: PeriodicStatsRunner.call():180 call()
04-09 20:38:00.917  1257  1340 I PeriodicStatsRunner: PeriodicStatsRunner.call():184 No submit PeriodicStats since input started.
04-09 20:38:00.937   341   341 W BufferQueueLayer: [SurfaceView - com.papergallery.zeldasdaughter/com.unity3d.player.UnityPlayerActivity#0] Timestamp 2179383443327335136 seems implausible relative to expectedPresent 545975414650
04-09 20:38:00.970   341   341 W BufferQueueLayer: [SurfaceView - com.papergallery.zeldasdaughter/com.unity3d.player.UnityPlayerActivity#0] Timestamp 2378974250064460512 seems implausible relative to expectedPresent 546008747982
04-09 20:38:00.987   341   341 W BufferQueueLayer: [SurfaceView - com.papergallery.zeldasdaughter/com.unity3d.player.UnityPlayerActivity#0] Timestamp 2515672089749666528 seems implausible relative to expectedPresent 546025414648
04-09 20:38:01.037   341   341 W BufferQueueLayer: [SurfaceView - com.papergallery.zeldasdaughter/com.unity3d.player.UnityPlayerActivity#0] Timestamp 2650815400381823712 seems implausible relative to expectedPresent 546075414646
04-09 20:38:01.054   341   341 W BufferQueueLayer: [SurfaceView - com.papergallery.zeldasdaughter/com.unity3d.player.UnityPlayerActivity#0] Timestamp 2786130221943012064 seems implausible relative to expectedPresent 546092081312
04-09 20:38:01.104   341   341 W BufferQueueLayer: [SurfaceView - com.papergallery.zeldasdaughter/com.unity3d.player.UnityPlayerActivity#0] Timestamp 2923125930495097568 seems implausible relative to expectedPresent 546142081310
04-09 20:38:01.138   341   341 W BufferQueueLayer: [SurfaceView - com.papergallery.zeldasdaughter/com.unity3d.player.UnityPlayerActivity#0] Timestamp 3133192149582265056 seems implausible relative to expectedPresent 546175414642
04-09 20:38:01.171   341   341 W BufferQueueLayer: [SurfaceView - com.papergallery.zeldasdaughter/com.unity3d.player.UnityPlayerActivity#0] Timestamp 3277026287883172576 seems implausible relative to expectedPresent 546208747974
04-09 20:38:01.204   341   341 W BufferQueueLayer: [SurfaceView - com.papergallery.zeldasdaughter/com.unity3d.player.UnityPlayerActivity#0] Timestamp 3425217898139138784 seems implausible relative to expectedPresent 546242081306
04-09 20:38:01.255   341   341 W BufferQueueLayer: [SurfaceView - com.papergallery.zeldasdaughter/com.unity3d.player.UnityPlayerActivity#0] Timestamp 3574241374840863456 seems implausible relative to expectedPresent 546292081304
04-09 20:38:01.287   341   341 W BufferQueueLayer: [SurfaceView - com.papergallery.zeldasdaughter/com.unity3d.player.UnityPlayerActivity#0] Timestamp 3723523730696354528 seems implausible relative to expectedPresent 546325414636
04-09 20:38:01.321   341   341 W BufferQueueLayer: [SurfaceView - com.papergallery.zeldasdaughter/com.unity3d.player.UnityPlayerActivity#0] Timestamp 3872480652584860384 seems implausible relative to expectedPresent 546358747968
04-09 20:38:01.353   341   341 W BufferQueueLayer: [SurfaceView - com.papergallery.zeldasdaughter/com.unity3d.player.UnityPlayerActivity#0] Timestamp 4022810550963845856 seems implausible relative to expectedPresent 546392081300
04-09 20:38:01.387   341   341 W BufferQueueLayer: [SurfaceView - com.papergallery.zeldasdaughter/com.unity3d.player.UnityPlayerActivity#0] Timestamp 4169805097999842016 seems implausible relative to expectedPresent 546425414632
04-09 20:38:01.420   341   341 W BufferQueueLayer: [SurfaceView - com.papergallery.zeldasdaughter/com.unity3d.player.UnityPlayerActivity#0] Timestamp 4318697672688319200 seems implausible relative to expectedPresent 546458747964
04-09 20:38:01.453   341   341 W BufferQueueLayer: [SurfaceView - com.papergallery.zeldasdaughter/com.unity3d.player.UnityPlayerActivity#0] Timestamp 4460605148789783264 seems implausible relative to expectedPresent 546492081296
04-09 20:38:01.491   341   341 W BufferQueueLayer: [SurfaceView - com.papergallery.zeldasdaughter/com.unity3d.player.UnityPlayerActivity#0] Timestamp 4601421338125843168 seems implausible relative to expectedPresent 546525414628
04-09 20:38:01.520   341   341 W BufferQueueLayer: [SurfaceView - com.papergallery.zeldasdaughter/com.unity3d.player.UnityPlayerActivity#0] Timestamp 4741265950024973024 seems implausible relative to expectedPresent 546558747960
04-09 20:38:01.554   341   341 W BufferQueueLayer: [SurfaceView - com.papergallery.zeldasdaughter/com.unity3d.player.UnityPlayerActivity#0] Timestamp 4879365327733177056 seems implausible relative to expectedPresent 546592081292
04-09 20:38:01.570   341   341 W BufferQueueLayer: [SurfaceView - com.papergallery.zeldasdaughter/com.unity3d.player.UnityPlayerActivity#0] Timestamp 5016576278571301600 seems implausible relative to expectedPresent 546608747958
04-09 20:38:01.605   341   341 W BufferQueueLayer: [SurfaceView - com.papergallery.zeldasdaughter/com.unity3d.player.UnityPlayerActivity#0] Timestamp 5153775731781974752 seems implausible relative to expectedPresent 546642081290
04-09 20:38:01.636   341   341 W BufferQueueLayer: [SurfaceView - com.papergallery.zeldasdaughter/com.unity3d.player.UnityPlayerActivity#0] Timestamp 5290291821336115936 seems implausible relative to expectedPresent 546675414622
04-09 20:38:01.673   341   341 W BufferQueueLayer: [SurfaceView - com.papergallery.zeldasdaughter/com.unity3d.player.UnityPlayerActivity#0] Timestamp 5430039100686383840 seems implausible relative to expectedPresent 546708747954
04-09 20:38:01.704   341   341 W BufferQueueLayer: [SurfaceView - com.papergallery.zeldasdaughter/com.unity3d.player.UnityPlayerActivity#0] Timestamp 5571219546198817504 seems implausible relative to expectedPresent 546742081286
04-09 20:38:01.737   341   341 W BufferQueueLayer: [SurfaceView - com.papergallery.zeldasdaughter/com.unity3d.player.UnityPlayerActivity#0] Timestamp 5716920230041926368 seems implausible relative to expectedPresent 546775414618
04-09 20:38:01.770   341   341 W BufferQueueLayer: [SurfaceView - com.papergallery.zeldasdaughter/com.unity3d.player.UnityPlayerActivity#0] Timestamp 5861838319304096480 seems implausible relative to expectedPresent 546808747950
04-09 20:38:01.820   341   341 W BufferQueueLayer: [SurfaceView - com.papergallery.zeldasdaughter/com.unity3d.player.UnityPlayerActivity#0] Timestamp 6008937126671203040 seems implausible relative to expectedPresent 546858747948
04-09 20:38:01.856   341   341 W BufferQueueLayer: [SurfaceView - com.papergallery.zeldasdaughter/com.unity3d.player.UnityPlayerActivity#0] Timestamp 6156373020251568864 seems implausible relative to expectedPresent 546892081280
04-09 20:38:01.888   341   341 W BufferQueueLayer: [SurfaceView - com.papergallery.zeldasdaughter/com.unity3d.player.UnityPlayerActivity#0] Timestamp 6304272744530098912 seems implausible relative to expectedPresent 546925414612
04-09 20:38:01.920   341   341 W BufferQueueLayer: [SurfaceView - com.papergallery.zeldasdaughter/com.unity3d.player.UnityPlayerActivity#0] Timestamp 6451739583349832416 seems implausible relative to expectedPresent 546958747944
04-09 20:38:01.954   341   341 W BufferQueueLayer: [SurfaceView - com.papergallery.zeldasdaughter/com.unity3d.player.UnityPlayerActivity#0] Timestamp 6598404646264683232 seems implausible relative to expectedPresent 546992081276
04-09 20:38:01.987   341   341 W BufferQueueLayer: [SurfaceView - com.papergallery.zeldasdaughter/com.unity3d.player.UnityPlayerActivity#0] Timestamp 6742929612875283168 seems implausible relative to expectedPresent 547025414608
04-09 20:38:02.035   366   437 D AudioFlinger: mixer(0x72f542ee4040) throttle end: throttle time(7)
04-09 20:38:02.037   341   341 W BufferQueueLayer: [SurfaceView - com.papergallery.zeldasdaughter/com.unity3d.player.UnityPlayerActivity#0] Timestamp 6885372237606861536 seems implausible relative to expectedPresent 547075414606
04-09 20:38:02.070   341   341 W BufferQueueLayer: [SurfaceView - com.papergallery.zeldasdaughter/com.unity3d.player.UnityPlayerActivity#0] Timestamp 7109768443278441184 seems implausible relative to expectedPresent 547108747938
04-09 20:38:02.104   341   341 W BufferQueueLayer: [SurfaceView - com.papergallery.zeldasdaughter/com.unity3d.player.UnityPlayerActivity#0] Timestamp 7237438652549479136 seems implausible relative to expectedPresent 547142081270
04-09 20:38:02.137   341   341 W BufferQueueLayer: [SurfaceView - com.papergallery.zeldasdaughter/com.unity3d.player.UnityPlayerActivity#0] Timestamp 7376500068572248800 seems implausible relative to expectedPresent 547175414602
04-09 20:38:02.153   341   341 W BufferQueueLayer: [SurfaceView - com.papergallery.zeldasdaughter/com.unity3d.player.UnityPlayerActivity#0] Timestamp 7515569700867455712 seems implausible relative to expectedPresent 547192081268
04-09 20:38:02.187   341   341 W BufferQueueLayer: [SurfaceView - com.papergallery.zeldasdaughter/com.unity3d.player.UnityPlayerActivity#0] Timestamp 7655749530669071072 seems implausible relative to expectedPresent 547225414600
04-09 20:38:02.220   341   341 W BufferQueueLayer: [SurfaceView - com.papergallery.zeldasdaughter/com.unity3d.player.UnityPlayerActivity#0] Timestamp 7797175802929658592 seems implausible relative to expectedPresent 547258747932
04-09 20:38:02.254   341   341 W BufferQueueLayer: [SurfaceView - com.papergallery.zeldasdaughter/com.unity3d.player.UnityPlayerActivity#0] Timestamp 7938974586293762784 seems implausible relative to expectedPresent 547292081264
04-09 20:38:02.287   341   341 W BufferQueueLayer: [SurfaceView - com.papergallery.zeldasdaughter/com.unity3d.player.UnityPlayerActivity#0] Timestamp 8082119511192681184 seems implausible relative to expectedPresent 547325414596
04-09 20:38:02.320   341   341 W BufferQueueLayer: [SurfaceView - com.papergallery.zeldasdaughter/com.unity3d.player.UnityPlayerActivity#0] Timestamp 8226408821537684192 seems implausible relative to expectedPresent 547358747928
04-09 20:38:02.354   341   341 W BufferQueueLayer: [SurfaceView - com.papergallery.zeldasdaughter/com.unity3d.player.UnityPlayerActivity#0] Timestamp 8372081695467551456 seems implausible relative to expectedPresent 547392081260
04-09 20:38:02.404   341   341 W BufferQueueLayer: [SurfaceView - com.papergallery.zeldasdaughter/com.unity3d.player.UnityPlayerActivity#0] Timestamp 8517381268019919584 seems implausible relative to expectedPresent 547442081258
04-09 20:38:02.437   341   341 W BufferQueueLayer: [SurfaceView - com.papergallery.zeldasdaughter/com.unity3d.player.UnityPlayerActivity#0] Timestamp 8663186581561326304 seems implausible relative to expectedPresent 547475414590
04-09 20:38:02.471   341   341 W BufferQueueLayer: [SurfaceView - com.papergallery.zeldasdaughter/com.unity3d.player.UnityPlayerActivity#0] Timestamp 8808559855752493792 seems implausible relative to expectedPresent 547508747922
04-09 20:38:02.504   341   341 W BufferQueueLayer: [SurfaceView - com.papergallery.zeldasdaughter/com.unity3d.player.UnityPlayerActivity#0] Timestamp 8953445475061906144 seems implausible relative to expectedPresent 547542081254
04-09 20:38:02.720   341   341 W BufferQueueLayer: [SurfaceView - com.papergallery.zeldasdaughter/com.unity3d.player.UnityPlayerActivity#0] Timestamp 9098558057623108320 seems implausible relative to expectedPresent 547758747912
04-09 20:38:02.737  5788  5856 I SwappyDisplayManager: Terminating looper thread
04-09 20:38:02.763  5788  5861 I SwappyDisplayManager: Starting looper thread
04-09 20:38:02.763  5788  5817 V SwappyVk: SwappyVk initialized for VkDevice 0xef02ba50 using VK_GOOGLE_display_timing on Android
04-09 20:38:02.764  5788  5817 I SwappyVk: Returning refresh duration of 16666666 nsec (approx 60.000002 Hz)
04-09 20:38:02.776  5788  5817 D CompatibilityChangeReporter: Compat change id reported: 147600208; UID 10167; state: ENABLED
04-09 20:38:02.779   485  2130 W SensorService: sensor 00000000 already enabled in connection 0x7819f11949d0 (ignoring)
04-09 20:38:02.916  5788  5863 D HostConnection: HostConnection::get() New Host Connection established 0xeebaa080, tid 5863
04-09 20:38:03.456   162   162 I hwservicemanager: getTransport: Cannot find entry android.hardware.graphics.mapper@4.0::IMapper/default in either framework or device manifest.
04-09 20:38:03.457  5869  5869 I Gralloc4: mapper 4.x is not supported
04-09 20:38:03.460  5869  5869 D HostConnection: createUnique: call
04-09 20:38:03.460  5869  5869 D HostConnection: HostConnection::get() New Host Connection established 0x7e429144e650, tid 5869
04-09 20:38:03.479  5869  5869 D HostConnection: HostComposition ext ANDROID_EMU_CHECKSUM_HELPER_v1 ANDROID_EMU_native_sync_v2 ANDROID_EMU_dma_v1 ANDROID_EMU_direct_mem ANDROID_EMU_host_composition_v1 ANDROID_EMU_host_composition_v2 ANDROID_EMU_vulkan ANDROID_EMU_deferred_vulkan_commands ANDROID_EMU_vulkan_null_optional_strings ANDROID_EMU_vulkan_create_resources_with_requirements ANDROID_EMU_YUV_Cache ANDROID_EMU_vulkan_ignored_handles ANDROID_EMU_has_shared_slots_host_memory_allocator ANDROID_EMU_vulkan_free_memory_sync ANDROID_EMU_vulkan_shader_float16_int8 ANDROID_EMU_vulkan_async_queue_submit ANDROID_EMU_sync_buffer_data ANDROID_EMU_vulkan_async_qsri ANDROID_EMU_read_color_buffer_dma ANDROID_EMU_hwc_color_transform GL_OES_EGL_image_external_essl3 GL_OES_vertex_array_object GL_KHR_texture_compression_astc_ldr ANDROID_EMU_host_side_tracing ANDROID_EMU_gles_max_version_3_0 
04-09 20:38:03.954     0     0 D logd    : logdr: UID=2000 GID=2000 PID=5871 n tail=0 logMask=99 pid=0 start=0ns timeout=0ns
04-09 20:38:03.972     0     0 D logd    : logdr: UID=2000 GID=2000 PID=5874 n tail=0 logMask=99 pid=0 start=0ns timeout=0ns
