--------- beginning of main
04-09 20:53:16.017   627   627 I wpa_supplicant: wlan0: CTRL-EVENT-BEACON-LOSS 
--------- beginning of kernel
04-09 20:53:16.498     0     0 D logd    : logdr: UID=10167 GID=10167 PID=6669 n tail=50 logMask=8 pid=6592 start=0ns timeout=0ns
04-09 20:53:16.500     0     0 D logd    : logdr: UID=10167 GID=10167 PID=6669 n tail=50 logMask=1 pid=6592 start=0ns timeout=0ns
04-09 20:53:16.093  6672  6672 D AndroidRuntime: >>>>>> START com.android.internal.os.RuntimeInit uid 2000 <<<<<<
04-09 20:53:16.095  6672  6672 E libc    : Access denied finding property "persist.device_config.runtime_native_boot.profilebootclasspath"
04-09 20:53:16.095  6672  6672 E libc    : Access denied finding property "persist.device_config.runtime_native_boot.enable_apex_image"
04-09 20:53:16.095  6672  6672 I AndroidRuntime: Using default boot image
04-09 20:53:16.095  6672  6672 E libc    : Access denied finding property "persist.device_config.runtime_native_boot.disable_lock_profiling"
04-09 20:53:16.095  6672  6672 I AndroidRuntime: Leaving lock profiling enabled
04-09 20:53:16.095  6672  6672 E libc    : Access denied finding property "persist.device_config.runtime_native_boot.enable_generational_cc"
04-09 20:53:16.096  6672  6672 I app_process: Core platform API reporting enabled, enforcing=false
04-09 20:53:16.164  6672  6672 D app_process: Time zone APEX ICU file found: /apex/com.android.tzdata/etc/icu/icu_tzdata.dat
04-09 20:53:16.164  6672  6672 D app_process: I18n APEX ICU file found: /apex/com.android.i18n/etc/icu/icudt66l.dat
04-09 20:53:16.168  6672  6672 W app_process: Unexpected CPU variant for X86 using defaults: x86_64
04-09 20:53:16.168  6672  6672 I app_process: The ClassLoaderContext is a special shared library.
04-09 20:53:16.092  6672  6672 W app_process: type=1400 audit(0.0:165): avc: denied { read } for name="u:object_r:device_config_runtime_native_boot_prop:s0" dev="tmpfs" ino=229 scontext=u:r:shell:s0 tcontext=u:object_r:device_config_runtime_native_boot_prop:s0 tclass=file permissive=0
04-09 20:53:16.092  6672  6672 W app_process: type=1400 audit(0.0:166): avc: denied { read } for name="u:object_r:device_config_runtime_native_boot_prop:s0" dev="tmpfs" ino=229 scontext=u:r:shell:s0 tcontext=u:object_r:device_config_runtime_native_boot_prop:s0 tclass=file permissive=0
04-09 20:53:16.188  6672  6672 W app_process: JNI RegisterNativeMethods: attempt to register 0 native methods for android.media.AudioAttributes
04-09 20:53:16.191  6672  6672 D AndroidRuntime: Calling main entry com.android.commands.input.Input
04-09 20:53:16.092  6672  6672 W app_process: type=1400 audit(0.0:167): avc: denied { read } for name="u:object_r:device_config_runtime_native_boot_prop:s0" dev="tmpfs" ino=229 scontext=u:r:shell:s0 tcontext=u:object_r:device_config_runtime_native_boot_prop:s0 tclass=file permissive=0
04-09 20:53:16.092  6672  6672 W app_process: type=1400 audit(0.0:168): avc: denied { read } for name="u:object_r:device_config_runtime_native_boot_prop:s0" dev="tmpfs" ino=229 scontext=u:r:shell:s0 tcontext=u:object_r:device_config_runtime_native_boot_prop:s0 tclass=file permissive=0
04-09 20:53:16.213   485   561 I InputDispatcher: Dropping event because there is no touchable window or gesture monitor at (540, 1400) in display 0.
--------- beginning of system
04-09 20:53:16.213   485  2125 W InputManager: Input event injection from pid 6672 failed.
04-09 20:53:16.214   485   561 I InputDispatcher: Dropping event because there is no touched foreground window in display 0 or gesture monitor to receive it.
04-09 20:53:16.238   485  2125 I chatty  : uid=1000(system) Binder:485_14 identical 113 lines
04-09 20:53:16.238   485  2125 W InputManager: Input event injection from pid 6672 failed.
04-09 20:53:16.238   485  2164 W InputManager: Input event injection from pid 6672 failed.
04-09 20:53:16.286   485  2164 I chatty  : uid=1000(system) Binder:485_17 identical 178 lines
04-09 20:53:16.287   485  2164 W InputManager: Input event injection from pid 6672 failed.
04-09 20:53:16.287   485  2125 W InputManager: Input event injection from pid 6672 failed.
04-09 20:53:16.322   485  2125 I chatty  : uid=1000(system) Binder:485_14 identical 74 lines
04-09 20:53:16.323   485  2125 W InputManager: Input event injection from pid 6672 failed.
04-09 20:53:16.323   485  2164 W InputManager: Input event injection from pid 6672 failed.
04-09 20:53:16.338   485  2164 I chatty  : uid=1000(system) Binder:485_17 identical 37 lines
04-09 20:53:16.338   485  2164 W InputManager: Input event injection from pid 6672 failed.
04-09 20:53:16.339   485  2125 W InputManager: Input event injection from pid 6672 failed.
04-09 20:53:16.368   485  2125 I chatty  : uid=1000(system) Binder:485_14 identical 83 lines
04-09 20:53:16.373   485  2125 W InputManager: Input event injection from pid 6672 failed.
04-09 20:53:16.373   485  2164 W InputManager: Input event injection from pid 6672 failed.
04-09 20:53:16.411   485  2164 I chatty  : uid=1000(system) Binder:485_17 identical 85 lines
04-09 20:53:16.411   485  2164 W InputManager: Input event injection from pid 6672 failed.
04-09 20:53:16.411   485  2125 W InputManager: Input event injection from pid 6672 failed.
04-09 20:53:16.423   485  2125 I chatty  : uid=1000(system) Binder:485_14 identical 123 lines
04-09 20:53:16.423   485  2125 W InputManager: Input event injection from pid 6672 failed.
04-09 20:53:16.424   485  2164 W InputManager: Input event injection from pid 6672 failed.
04-09 20:53:16.861     0     0 D logd    : logdr: UID=10167 GID=10167 PID=6669 n tail=0 logMask=8 pid=6592 start=0ns timeout=0ns
04-09 20:53:16.863     0     0 D logd    : logdr: UID=10167 GID=10167 PID=6669 n tail=0 logMask=1 pid=6592 start=0ns timeout=0ns
04-09 20:53:16.450   485   561 I chatty  : uid=1000(system) InputDispatcher identical 747 lines
04-09 20:53:16.450   485   561 I InputDispatcher: Dropping event because there is no touched foreground window in display 0 or gesture monitor to receive it.
04-09 20:53:16.450   267   267 E tombstoned: Tombstone written to: /data/tombstones/tombstone_01
04-09 20:53:16.450   485   561 I InputDispatcher: Dropping event because there is no touched foreground window in display 0 or gesture monitor to receive it.
04-09 20:53:16.452   485  2164 I chatty  : uid=1000(system) Binder:485_17 identical 48 lines
04-09 20:53:16.452   485  2164 W InputManager: Input event injection from pid 6672 failed.
04-09 20:53:16.453   485  2125 W InputManager: Input event injection from pid 6672 failed.
04-09 20:53:16.460   485  2125 I chatty  : uid=1000(system) Binder:485_14 identical 18 lines
04-09 20:53:16.460   485  2125 W InputManager: Input event injection from pid 6672 failed.
04-09 20:53:16.460   485   522 I BootReceiver: Copying /data/tombstones/tombstone_01 to DropBox (SYSTEM_TOMBSTONE)
04-09 20:53:16.461   485  2125 W InputManager: Input event injection from pid 6672 failed.
04-09 20:53:16.462   485  2125 I chatty  : uid=1000(system) Binder:485_14 identical 4 lines
04-09 20:53:16.466   485  2125 W InputManager: Input event injection from pid 6672 failed.
04-09 20:53:16.466   485   522 I DropBoxManagerService: add tag=SYSTEM_TOMBSTONE isTagEnabled=true flags=0x2
04-09 20:53:16.468   485  2125 W InputManager: Input event injection from pid 6672 failed.
04-09 20:53:16.473   485  2125 I chatty  : uid=1000(system) Binder:485_14 identical 14 lines
04-09 20:53:16.474   485  2125 W InputManager: Input event injection from pid 6672 failed.
04-09 20:53:16.475   485  2164 W InputManager: Input event injection from pid 6672 failed.
04-09 20:53:16.479   485  2164 I chatty  : uid=1000(system) Binder:485_17 identical 6 lines
04-09 20:53:16.480   485  2164 W InputManager: Input event injection from pid 6672 failed.
04-09 20:53:16.481   485  6689 W ActivityTaskManager:   Force finishing activity com.papergallery.zeldasdaughter/com.unity3d.player.UnityPlayerActivity
04-09 20:53:16.482   485  6690 I DropBoxManagerService: add tag=data_app_native_crash isTagEnabled=true flags=0x2
04-09 20:53:16.485   485  2164 W InputManager: Input event injection from pid 6672 failed.
04-09 20:53:16.480   485   561 I chatty  : uid=1000(system) InputDispatcher identical 56 lines
04-09 20:53:16.485   485   561 I InputDispatcher: Dropping event because there is no touched foreground window in display 0 or gesture monitor to receive it.
04-09 20:53:16.485   341   560 D PermissionCache: checking android.permission.READ_FRAME_BUFFER for uid=1000 => granted (49 us)
04-09 20:53:16.486   485   561 I InputDispatcher: Dropping event because there is no touched foreground window in display 0 or gesture monitor to receive it.
04-09 20:53:16.491   485   561 I chatty  : uid=1000(system) InputDispatcher identical 38 lines
04-09 20:53:16.491   485   561 I InputDispatcher: Dropping event because there is no touched foreground window in display 0 or gesture monitor to receive it.
04-09 20:53:16.492  6672  6672 D AndroidRuntime: Shutting down VM
04-09 20:53:16.954     0     0 I init    : Untracked pid 6669 exited with status 0
04-09 20:53:16.965     0     0 I init    : Untracked pid 6671 exited with status 0
04-09 20:53:16.614   366   437 D AudioFlinger: mixer(0x72f542ee4040) throttle end: throttle time(22)
04-09 20:53:16.491   485  2164 I chatty  : uid=1000(system) Binder:485_17 identical 39 lines
04-09 20:53:16.491   485  2164 W InputManager: Input event injection from pid 6672 failed.
04-09 20:53:16.641   485   514 W BroadcastQueue: Background execution not allowed: receiving Intent { act=android.intent.action.DROPBOX_ENTRY_ADDED flg=0x10 (has extras) } to com.google.android.gms/.stats.service.DropBoxEntryAddedReceiver
04-09 20:53:16.642   485   514 W BroadcastQueue: Background execution not allowed: receiving Intent { act=android.intent.action.DROPBOX_ENTRY_ADDED flg=0x10 (has extras) } to com.google.android.gms/.chimera.GmsIntentOperationService$PersistentTrustedReceiver
04-09 20:53:16.642   485   514 W BroadcastQueue: Background execution not allowed: receiving Intent { act=android.intent.action.DROPBOX_ENTRY_ADDED flg=0x10 (has extras) } to com.google.android.gms/.stats.service.DropBoxEntryAddedReceiver
04-09 20:53:16.642   485   514 W BroadcastQueue: Background execution not allowed: receiving Intent { act=android.intent.action.DROPBOX_ENTRY_ADDED flg=0x10 (has extras) } to com.google.android.gms/.chimera.GmsIntentOperationService$PersistentTrustedReceiver
04-09 20:53:16.647   485  6691 D libEGL  : loaded /vendor/lib64/egl/libEGL_emulation.so
04-09 20:53:16.649   485  6691 D libEGL  : loaded /vendor/lib64/egl/libGLESv1_CM_emulation.so
04-09 20:53:16.651   485   519 E libprocessgroup: AddTidToCgroup failed to write '6692'; fd=122: Invalid argument
04-09 20:53:16.651   485   519 E libprocessgroup: Failed to add task into cgroup
04-09 20:53:16.651   485   519 W libprocessgroup: ExecuteForTask failed for aggregate profile: Invalid argument
04-09 20:53:16.660   485  6691 D libEGL  : loaded /vendor/lib64/egl/libGLESv2_emulation.so
04-09 20:53:17.106     0     0 I binder  : undelivered transaction 1215382, process died.
04-09 20:53:16.695   485  5204 I WindowManager: WIN DEATH: Window{6440542 u0 com.papergallery.zeldasdaughter/com.unity3d.player.UnityPlayerActivity}
04-09 20:53:16.695   485  5204 W InputDispatcher: Attempted to unregister already unregistered input channel '6440542 com.papergallery.zeldasdaughter/com.unity3d.player.UnityPlayerActivity (server)'
04-09 20:53:16.701   649  2204 D KeyguardViewMediator: setOccluded false
04-09 20:53:16.703   649   649 D StatusBar: disable<e i a s b h r c s > disable2<q i n >
04-09 20:53:16.704   649   649 D KeyguardViewMediator: adjustStatusBarLocked: mShowing=false mOccluded=false isSecure=false force=false --> flags=0x0
04-09 20:53:16.705   485  2125 I ActivityManager: Process com.papergallery.zeldasdaughter (pid 6592) has died: prcp TOP 
04-09 20:53:16.707   485  6691 D HostConnection: HostConnection::get() New Host Connection established 0x7819d103d550, tid 6691
04-09 20:53:16.711   275   275 I Zygote  : Process 6592 exited due to signal 11 (Segmentation fault)
04-09 20:53:17.116     0     0 I binder  : undelivered transaction 1215375, process died.
04-09 20:53:16.715   485   507 W ActivityManager: setHasOverlayUi called on unknown pid: 6592
04-09 20:53:16.722   295   349 W EmuHWC2 : No layers, exit, buffer 0x0
04-09 20:53:16.724   485  2128 W ActivityManager: Unable to start service Intent { act=android.service.appprediction.AppPredictionService cmp=com.google.android.as/com.google.android.apps.miphone.aiai.app.AiAiPredictionService } U=0: not found
04-09 20:53:16.724   485  2128 W RemoteAppPredictionService: could not bind to Intent { act=android.service.appprediction.AppPredictionService cmp=com.google.android.as/com.google.android.apps.miphone.aiai.app.AiAiPredictionService } using flags 67108865
04-09 20:53:16.737   295   349 W EmuHWC2 : No layers, exit, buffer 0x0
04-09 20:53:16.741   485   516 I libprocessgroup: Successfully killed process cgroup uid 10167 pid 6592 in 44ms
04-09 20:53:16.745   485  6691 D HostConnection: HostComposition ext ANDROID_EMU_CHECKSUM_HELPER_v1 ANDROID_EMU_native_sync_v2 ANDROID_EMU_dma_v1 ANDROID_EMU_direct_mem ANDROID_EMU_host_composition_v1 ANDROID_EMU_host_composition_v2 ANDROID_EMU_vulkan ANDROID_EMU_deferred_vulkan_commands ANDROID_EMU_vulkan_null_optional_strings ANDROID_EMU_vulkan_create_resources_with_requirements ANDROID_EMU_YUV_Cache ANDROID_EMU_vulkan_ignored_handles ANDROID_EMU_has_shared_slots_host_memory_allocator ANDROID_EMU_vulkan_free_memory_sync ANDROID_EMU_vulkan_shader_float16_int8 ANDROID_EMU_vulkan_async_queue_submit ANDROID_EMU_sync_buffer_data ANDROID_EMU_vulkan_async_qsri ANDROID_EMU_read_color_buffer_dma ANDROID_EMU_hwc_color_transform GL_OES_EGL_image_external_essl3 GL_OES_vertex_array_object GL_KHR_texture_compression_astc_ldr ANDROID_EMU_host_side_tracing ANDROID_EMU_gles_max_version_3_0 
04-09 20:53:16.755   295   349 W EmuHWC2 : No layers, exit, buffer 0x0
04-09 20:53:16.769  1257  1257 I AppBase : AppBase.onTrimMemory():615 onTrimMemory(): 5
04-09 20:53:16.770   162   162 I hwservicemanager: getTransport: Cannot find entry android.hardware.configstore@1.0::ISurfaceFlingerConfigs/default in either framework or device manifest.
04-09 20:53:16.771   295   349 W EmuHWC2 : No layers, exit, buffer 0x0
04-09 20:53:16.771   485  6691 D EGL_emulation: eglCreateContext: 0x7819c1176700: maj 3 min 0 rcv 3
04-09 20:53:16.772   485  6691 D EGL_emulation: eglMakeCurrent: 0x7819c1176700: ver 3 0 (tinfo 0x781961169c70) (first time)
04-09 20:53:16.778  1257  1257 I GoogleInputMethodService: GoogleInputMethodService.onTrimMemory():4225 onTrimMemory(): 5
04-09 20:53:16.781  6077  6077 I MemoryTrimmer: Trimming objects from memory, since app is in the background.
04-09 20:53:16.848  6077  6189 W ThreadPoolDumper: Queue length for executor EventBus is now 11. Perhaps some tasks are too long, or the pool is too small.
04-09 20:53:16.852  6077  6136 W LocationOracle: No location history returned by ContextManager
04-09 20:53:17.014  6077  6077 I BgTaskExecutorImpl: Starting EXCLUSIVE background task TNG_MINUS_ONE_SYNC.
04-09 20:53:17.016  6077  6135 E MDD     : DownloadProgressMonitor: Can't find file group for uri: android://com.google.android.googlequicksearchbox/files/sharedminusonemodule/shared/SharedMinusOneData.pb.tmp
04-09 20:53:17.032  6077  6205 D HostConnection: HostConnection::get() New Host Connection established 0xeeb82e70, tid 6205
04-09 20:53:17.035  6077  6205 D HostConnection: HostComposition ext ANDROID_EMU_CHECKSUM_HELPER_v1 ANDROID_EMU_native_sync_v2 ANDROID_EMU_dma_v1 ANDROID_EMU_direct_mem ANDROID_EMU_host_composition_v1 ANDROID_EMU_host_composition_v2 ANDROID_EMU_vulkan ANDROID_EMU_deferred_vulkan_commands ANDROID_EMU_vulkan_null_optional_strings ANDROID_EMU_vulkan_create_resources_with_requirements ANDROID_EMU_YUV_Cache ANDROID_EMU_vulkan_ignored_handles ANDROID_EMU_has_shared_slots_host_memory_allocator ANDROID_EMU_vulkan_free_memory_sync ANDROID_EMU_vulkan_shader_float16_int8 ANDROID_EMU_vulkan_async_queue_submit ANDROID_EMU_sync_buffer_data ANDROID_EMU_vulkan_async_qsri ANDROID_EMU_read_color_buffer_dma ANDROID_EMU_hwc_color_transform GL_OES_EGL_image_external_essl3 GL_OES_vertex_array_object GL_KHR_texture_compression_astc_ldr ANDROID_EMU_host_side_tracing ANDROID_EMU_gles_max_version_3_0 
04-09 20:53:17.041  6077  6205 D EGL_emulation: eglCreateContext: 0xeeba99f0: maj 3 min 0 rcv 3
04-09 20:53:17.049  6077  6205 D EGL_emulation: eglMakeCurrent: 0xeeba99f0: ver 3 0 (tinfo 0xef0315b0) (first time)
04-09 20:53:17.064  1139  1942 W GCoreFlp: No location to return for getLastLocation()
04-09 20:53:17.084  6077  6189 I TngMinusOneSync: Syncing TNG:-1
04-09 20:53:17.113  6077  6088 I earchbox:searc: JIT allocated 55KB for compiled code of com.google.android.apps.gsa.t.h com.google.android.apps.gsa.t.h.a(int)
04-09 20:53:17.242   366   431 W APM::AudioPolicyEngine: getDevicesForStrategy() unknown strategy: -1
04-09 20:53:17.242   366   431 W APM::AudioPolicyEngine: getDevicesForStrategy() unknown strategy: -1
04-09 20:53:17.242   485  2164 I system_server: oneway function results will be dropped but finished with status OK and parcel size 4
04-09 20:53:18.086   162   162 I hwservicemanager: getTransport: Cannot find entry android.hardware.graphics.mapper@4.0::IMapper/default in either framework or device manifest.
04-09 20:53:18.086  6703  6703 I Gralloc4: mapper 4.x is not supported
04-09 20:53:18.095  6703  6703 D HostConnection: createUnique: call
04-09 20:53:18.096  6703  6703 D HostConnection: HostConnection::get() New Host Connection established 0x76cd4024f190, tid 6703
04-09 20:53:18.117  6703  6703 D HostConnection: HostComposition ext ANDROID_EMU_CHECKSUM_HELPER_v1 ANDROID_EMU_native_sync_v2 ANDROID_EMU_dma_v1 ANDROID_EMU_direct_mem ANDROID_EMU_host_composition_v1 ANDROID_EMU_host_composition_v2 ANDROID_EMU_vulkan ANDROID_EMU_deferred_vulkan_commands ANDROID_EMU_vulkan_null_optional_strings ANDROID_EMU_vulkan_create_resources_with_requirements ANDROID_EMU_YUV_Cache ANDROID_EMU_vulkan_ignored_handles ANDROID_EMU_has_shared_slots_host_memory_allocator ANDROID_EMU_vulkan_free_memory_sync ANDROID_EMU_vulkan_shader_float16_int8 ANDROID_EMU_vulkan_async_queue_submit ANDROID_EMU_sync_buffer_data ANDROID_EMU_vulkan_async_qsri ANDROID_EMU_read_color_buffer_dma ANDROID_EMU_hwc_color_transform GL_OES_EGL_image_external_essl3 GL_OES_vertex_array_object GL_KHR_texture_compression_astc_ldr ANDROID_EMU_host_side_tracing ANDROID_EMU_gles_max_version_3_0 
04-09 20:53:18.651     0     0 D logd    : logdr: UID=2000 GID=2000 PID=6705 n tail=0 logMask=99 pid=0 start=0ns timeout=0ns
04-09 20:53:19.318  6710  6710 D AndroidRuntime: >>>>>> START com.android.internal.os.RuntimeInit uid 2000 <<<<<<
04-09 20:53:19.319  6710  6710 E libc    : Access denied finding property "persist.device_config.runtime_native_boot.profilebootclasspath"
04-09 20:53:19.319  6710  6710 E libc    : Access denied finding property "persist.device_config.runtime_native_boot.enable_apex_image"
04-09 20:53:19.319  6710  6710 I AndroidRuntime: Using default boot image
04-09 20:53:19.319  6710  6710 E libc    : Access denied finding property "persist.device_config.runtime_native_boot.disable_lock_profiling"
04-09 20:53:19.319  6710  6710 I AndroidRuntime: Leaving lock profiling enabled
04-09 20:53:19.319  6710  6710 E libc    : Access denied finding property "persist.device_config.runtime_native_boot.enable_generational_cc"
04-09 20:53:19.321  6710  6710 I app_process: Core platform API reporting enabled, enforcing=false
04-09 20:53:19.316  6710  6710 W app_process: type=1400 audit(0.0:169): avc: denied { read } for name="u:object_r:device_config_runtime_native_boot_prop:s0" dev="tmpfs" ino=229 scontext=u:r:shell:s0 tcontext=u:object_r:device_config_runtime_native_boot_prop:s0 tclass=file permissive=0
04-09 20:53:19.316  6710  6710 I chatty  : uid=2000(shell) app_process identical 1 line
04-09 20:53:19.316  6710  6710 W app_process: type=1400 audit(0.0:171): avc: denied { read } for name="u:object_r:device_config_runtime_native_boot_prop:s0" dev="tmpfs" ino=229 scontext=u:r:shell:s0 tcontext=u:object_r:device_config_runtime_native_boot_prop:s0 tclass=file permissive=0
04-09 20:53:19.373  6710  6710 D app_process: Time zone APEX ICU file found: /apex/com.android.tzdata/etc/icu/icu_tzdata.dat
04-09 20:53:19.373  6710  6710 D app_process: I18n APEX ICU file found: /apex/com.android.i18n/etc/icu/icudt66l.dat
04-09 20:53:19.377  6710  6710 W app_process: Unexpected CPU variant for X86 using defaults: x86_64
04-09 20:53:19.378  6710  6710 I app_process: The ClassLoaderContext is a special shared library.
04-09 20:53:19.316  6710  6710 W app_process: type=1400 audit(0.0:172): avc: denied { read } for name="u:object_r:device_config_runtime_native_boot_prop:s0" dev="tmpfs" ino=229 scontext=u:r:shell:s0 tcontext=u:object_r:device_config_runtime_native_boot_prop:s0 tclass=file permissive=0
04-09 20:53:19.385  6710  6710 W app_process: JNI RegisterNativeMethods: attempt to register 0 native methods for android.media.AudioAttributes
04-09 20:53:19.388  6710  6710 D AndroidRuntime: Calling main entry com.android.commands.input.Input
04-09 20:53:19.391   485   561 I InputDispatcher: Dropping event because there is no touchable window or gesture monitor at (540, 1000) in display 0.
04-09 20:53:19.391   485  2164 W InputManager: Input event injection from pid 6710 failed.
04-09 20:53:19.392   485   561 I InputDispatcher: Dropping event because there is no touched foreground window in display 0 or gesture monitor to receive it.
04-09 20:53:19.392  6710  6710 D AndroidRuntime: Shutting down VM
04-09 20:53:19.620   485  2164 I system_server: oneway function results will be dropped but finished with status OK and parcel size 4
04-09 20:53:20.867   162   162 I hwservicemanager: getTransport: Cannot find entry android.hardware.graphics.mapper@4.0::IMapper/default in either framework or device manifest.
04-09 20:53:20.867  6725  6725 I Gralloc4: mapper 4.x is not supported
04-09 20:53:20.870  6725  6725 D HostConnection: createUnique: call
04-09 20:53:20.871  6725  6725 D HostConnection: HostConnection::get() New Host Connection established 0x78b19776f1d0, tid 6725
04-09 20:53:20.890  6725  6725 D HostConnection: HostComposition ext ANDROID_EMU_CHECKSUM_HELPER_v1 ANDROID_EMU_native_sync_v2 ANDROID_EMU_dma_v1 ANDROID_EMU_direct_mem ANDROID_EMU_host_composition_v1 ANDROID_EMU_host_composition_v2 ANDROID_EMU_vulkan ANDROID_EMU_deferred_vulkan_commands ANDROID_EMU_vulkan_null_optional_strings ANDROID_EMU_vulkan_create_resources_with_requirements ANDROID_EMU_YUV_Cache ANDROID_EMU_vulkan_ignored_handles ANDROID_EMU_has_shared_slots_host_memory_allocator ANDROID_EMU_vulkan_free_memory_sync ANDROID_EMU_vulkan_shader_float16_int8 ANDROID_EMU_vulkan_async_queue_submit ANDROID_EMU_sync_buffer_data ANDROID_EMU_vulkan_async_qsri ANDROID_EMU_read_color_buffer_dma ANDROID_EMU_hwc_color_transform GL_OES_EGL_image_external_essl3 GL_OES_vertex_array_object GL_KHR_texture_compression_astc_ldr ANDROID_EMU_host_side_tracing ANDROID_EMU_gles_max_version_3_0 
04-09 20:53:21.417     0     0 D logd    : logdr: UID=2000 GID=2000 PID=6727 n tail=0 logMask=99 pid=0 start=0ns timeout=0ns
04-09 20:53:21.439     0     0 D logd    : logdr: UID=2000 GID=2000 PID=6730 n tail=0 logMask=99 pid=0 start=0ns timeout=0ns
04-09 20:53:21.458     0     0 D logd    : logdr: UID=2000 GID=2000 PID=6733 n tail=0 logMask=99 pid=0 start=0ns timeout=0ns
